Archive member included to satisfy reference by file (symbol)

d:\WorkSpace\Code\Proj\Keygo\code\CH582M\Peripheral\StdPeriphDriver\libISP583.a(ISP583.o)
                              ./StdPeriphDriver/CH58x_flash.o (FLASH_EEPROM_CMD)
d:\WorkSpace\Code\Proj\Keygo\code\CH582M\Peripheral\LIB\libCH58xBLE.a(message.o)
                              ./HAL/MCU.o (tmos_msg_deallocate)
d:\WorkSpace\Code\Proj\Keygo\code\CH582M\Peripheral\LIB\libCH58xBLE.a(tmos.o)
                              ./Profile/devinfoservice.o (tmos_memcpy)
d:\WorkSpace\Code\Proj\Keygo\code\CH582M\Peripheral\LIB\libCH58xBLE.a(tmos_hw.o)
                              ./HAL/RTC.o (TMOS_TimerInit)
d:\WorkSpace\Code\Proj\Keygo\code\CH582M\Peripheral\LIB\libCH58xBLE.a(tmos_snv.o)
                              d:\WorkSpace\Code\Proj\Keygo\code\CH582M\Peripheral\LIB\libCH58xBLE.a(tmos.o) (tmos_snv_init)
d:\WorkSpace\Code\Proj\Keygo\code\CH582M\Peripheral\LIB\libCH58xBLE.a(gap.o)
                              ./APP/peripheral.o (GAP_SetParamValue)
d:\WorkSpace\Code\Proj\Keygo\code\CH582M\Peripheral\LIB\libCH58xBLE.a(gap_central.o)
                              d:\WorkSpace\Code\Proj\Keygo\code\CH582M\Peripheral\LIB\libCH58xBLE.a(gap.o) (gapProcessPeriodicAdvertisingSyncEstablishedEvt)
d:\WorkSpace\Code\Proj\Keygo\code\CH582M\Peripheral\LIB\libCH58xBLE.a(gap_peripheral.o)
                              d:\WorkSpace\Code\Proj\Keygo\code\CH582M\Peripheral\LIB\libCH58xBLE.a(gap.o) (GAP_PeripheralParamInit)
d:\WorkSpace\Code\Proj\Keygo\code\CH582M\Peripheral\LIB\libCH58xBLE.a(gapgattserver.o)
                              ./APP/peripheral.o (GGS_SetParameter)
d:\WorkSpace\Code\Proj\Keygo\code\CH582M\Peripheral\LIB\libCH58xBLE.a(gatt.o)
                              ./APP/peripheral.o (GATT_bm_alloc)
d:\WorkSpace\Code\Proj\Keygo\code\CH582M\Peripheral\LIB\libCH58xBLE.a(gatt_uuid.o)
                              d:\WorkSpace\Code\Proj\Keygo\code\CH582M\Peripheral\LIB\libCH58xBLE.a(gatt.o) (serviceChangedUUID)
d:\WorkSpace\Code\Proj\Keygo\code\CH582M\Peripheral\LIB\libCH58xBLE.a(gattclientapp.o)
                              d:\WorkSpace\Code\Proj\Keygo\code\CH582M\Peripheral\LIB\libCH58xBLE.a(gatt.o) (gattGetClientStatus)
d:\WorkSpace\Code\Proj\Keygo\code\CH582M\Peripheral\LIB\libCH58xBLE.a(gattservapp.o)
                              ./Profile/gattprofile.o (GATTServApp_ReadCharCfg)
d:\WorkSpace\Code\Proj\Keygo\code\CH582M\Peripheral\LIB\libCH58xBLE.a(l2cap.o)
                              d:\WorkSpace\Code\Proj\Keygo\code\CH582M\Peripheral\LIB\libCH58xBLE.a(gatt.o) (L2CAP_GetMTU)
d:\WorkSpace\Code\Proj\Keygo\code\CH582M\Peripheral\LIB\libCH58xBLE.a(l2cap_input.o)
                              d:\WorkSpace\Code\Proj\Keygo\code\CH582M\Peripheral\LIB\libCH58xBLE.a(l2cap.o) (l2capProcessRxData)
d:\WorkSpace\Code\Proj\Keygo\code\CH582M\Peripheral\LIB\libCH58xBLE.a(l2cap_output.o)
                              d:\WorkSpace\Code\Proj\Keygo\code\CH582M\Peripheral\LIB\libCH58xBLE.a(l2cap_input.o) (l2capNotifyData)
d:\WorkSpace\Code\Proj\Keygo\code\CH582M\Peripheral\LIB\libCH58xBLE.a(l2cap_sdu.o)
                              d:\WorkSpace\Code\Proj\Keygo\code\CH582M\Peripheral\LIB\libCH58xBLE.a(l2cap_input.o) (l2capBuildDisconnectRsp)
d:\WorkSpace\Code\Proj\Keygo\code\CH582M\Peripheral\LIB\libCH58xBLE.a(linkdb.o)
                              d:\WorkSpace\Code\Proj\Keygo\code\CH582M\Peripheral\LIB\libCH58xBLE.a(l2cap.o) (linkDB_Init)
d:\WorkSpace\Code\Proj\Keygo\code\CH582M\Peripheral\LIB\libCH58xBLE.a(sm.o)
                              d:\WorkSpace\Code\Proj\Keygo\code\CH582M\Peripheral\LIB\libCH58xBLE.a(gap.o) (smFreePairingParams)
d:\WorkSpace\Code\Proj\Keygo\code\CH582M\Peripheral\LIB\libCH58xBLE.a(sm_initiator.o)
                              d:\WorkSpace\Code\Proj\Keygo\code\CH582M\Peripheral\LIB\libCH58xBLE.a(sm.o) (smInitiatorSendNextKeyInfo)
d:\WorkSpace\Code\Proj\Keygo\code\CH582M\Peripheral\LIB\libCH58xBLE.a(sm_pdu.o)
                              d:\WorkSpace\Code\Proj\Keygo\code\CH582M\Peripheral\LIB\libCH58xBLE.a(sm.o) (smpBuildPairingReq)
d:\WorkSpace\Code\Proj\Keygo\code\CH582M\Peripheral\LIB\libCH58xBLE.a(sm_responding.o)
                              d:\WorkSpace\Code\Proj\Keygo\code\CH582M\Peripheral\LIB\libCH58xBLE.a(sm.o) (smResponderSendNextKeyInfo)
d:\WorkSpace\Code\Proj\Keygo\code\CH582M\Peripheral\LIB\libCH58xBLE.a(sm_toolbox.o)
                              d:\WorkSpace\Code\Proj\Keygo\code\CH582M\Peripheral\LIB\libCH58xBLE.a(sm.o) (sm_ah)
d:\WorkSpace\Code\Proj\Keygo\code\CH582M\Peripheral\LIB\libCH58xBLE.a(host_input.o)
                              d:\WorkSpace\Code\Proj\Keygo\code\CH582M\Peripheral\LIB\libCH58xBLE.a(gap.o) (gBleHostPara)
d:\WorkSpace\Code\Proj\Keygo\code\CH582M\Peripheral\LIB\libCH58xBLE.a(host_output.o)
                              d:\WorkSpace\Code\Proj\Keygo\code\CH582M\Peripheral\LIB\libCH58xBLE.a(gap.o) (HCI_DisconnectCmd)
d:\WorkSpace\Code\Proj\Keygo\code\CH582M\Peripheral\LIB\libCH58xBLE.a(ll_master.o)
[...]
Memory Configuration

Name             Origin             Length             Attributes
FLASH            0x0000000000000000 0x0000000000070000 xr
RAM              0x0000000020000000 0x0000000000008000 xrw
*default*        0x0000000000000000 0xffffffffffffffff

Linker script and memory map

LOAD ./StdPeriphDriver/CH58x_adc.o
LOAD ./StdPeriphDriver/CH58x_clk.o
LOAD ./StdPeriphDriver/CH58x_flash.o
LOAD ./StdPeriphDriver/CH58x_gpio.o
LOAD ./StdPeriphDriver/CH58x_i2c.o
LOAD ./StdPeriphDriver/CH58x_pwm.o
LOAD ./StdPeriphDriver/CH58x_pwr.o
LOAD ./StdPeriphDriver/CH58x_spi0.o
LOAD ./StdPeriphDriver/CH58x_spi1.o
LOAD ./StdPeriphDriver/CH58x_sys.o
LOAD ./StdPeriphDriver/CH58x_timer0.o
LOAD ./StdPeriphDriver/CH58x_timer1.o
LOAD ./StdPeriphDriver/CH58x_timer2.o
LOAD ./StdPeriphDriver/CH58x_timer3.o
LOAD ./StdPeriphDriver/CH58x_uart0.o
LOAD ./StdPeriphDriver/CH58x_uart1.o
LOAD ./StdPeriphDriver/CH58x_uart2.o
LOAD ./StdPeriphDriver/CH58x_uart3.o
LOAD ./StdPeriphDriver/CH58x_usb2dev.o
LOAD ./StdPeriphDriver/CH58x_usb2hostBase.o
LOAD ./StdPeriphDriver/CH58x_usb2hostClass.o
LOAD ./StdPeriphDriver/CH58x_usbdev.o
LOAD ./StdPeriphDriver/CH58x_usbhostBase.o
LOAD ./StdPeriphDriver/CH58x_usbhostClass.o
LOAD ./Startup/startup_CH583.o
LOAD ./RVMSIS/core_riscv.o
LOAD ./Profile/devinfoservice.o
LOAD ./Profile/gattprofile.o
LOAD ./HAL/MCU.o
LOAD ./HAL/RTC.o
LOAD ./HAL/SLEEP.o
LOAD ./APP/peripheral.o
LOAD ./APP/peripheral_main.o
LOAD d:\WorkSpace\Code\Proj\Keygo\code\CH582M\Peripheral\StdPeriphDriver\libISP583.a
LOAD d:\WorkSpace\Code\Proj\Keygo\code\CH582M\Peripheral\LIB\libCH58xBLE.a
LOAD d:/mounriver/mounriver_studio2/resources/app/resources/win32/components/wch/toolchain/risc-v embedded gcc/bin/../lib/gcc/riscv-none-embed/8.2.0/../../../../riscv-none-embed/lib/rv32imac/ilp32\libm.a
LOAD d:/mounriver/mounriver_studio2/resources/app/resources/win32/components/wch/toolchain/risc-v embedded gcc/bin/../lib/gcc/riscv-none-embed/8.2.0/rv32imac/ilp32\libgcc.a
LOAD d:/mounriver/mounriver_studio2/resources/app/resources/win32/components/wch/toolchain/risc-v embedded gcc/bin/../lib/gcc/riscv-none-embed/8.2.0/../../../../riscv-none-embed/lib/rv32imac/ilp32\libg_nano.a
LOAD d:/mounriver/mounriver_studio2/resources/app/resources/win32/components/wch/toolchain/risc-v embedded gcc/bin/../lib/gcc/riscv-none-embed/8.2.0/../../../../riscv-none-embed/lib/rv32imac/ilp32\libc_nano.a
LOAD d:/mounriver/mounriver_studio2/resources/app/resources/win32/components/wch/toolchain/risc-v embedded gcc/bin/../lib/gcc/riscv-none-embed/8.2.0/rv32imac/ilp32\libgcc.a
START GROUP
LOAD d:/mounriver/mounriver_studio2/resources/app/resources/win32/components/wch/toolchain/risc-v embedded gcc/bin/../lib/gcc/riscv-none-embed/8.2.0/rv32imac/ilp32\libgcc.a
LOAD d:/mounriver/mounriver_studio2/resources/app/resources/win32/components/wch/toolchain/risc-v embedded gcc/bin/../lib/gcc/riscv-none-embed/8.2.0/../../../../riscv-none-embed/lib/rv32imac/ilp32\libc_nano.a
LOAD d:/mounriver/mounriver_studio2/resources/app/resources/win32/components/wch/toolchain/risc-v embedded gcc/bin/../lib/gcc/riscv-none-embed/8.2.0/../../../../riscv-none-embed/lib/rv32imac/ilp32\libnosys.a
END GROUP
START GROUP
LOAD d:/mounriver/mounriver_studio2/resources/app/resources/win32/components/wch/toolchain/risc-v embedded gcc/bin/../lib/gcc/riscv-none-embed/8.2.0/rv32imac/ilp32\libgcc.a
LOAD d:/mounriver/mounriver_studio2/resources/app/resources/win32/components/wch/toolchain/risc-v embedded gcc/bin/../lib/gcc/riscv-none-embed/8.2.0/../../../../riscv-none-embed/lib/rv32imac/ilp32\libc_nano.a
LOAD d:/mounriver/mounriver_studio2/resources/app/resources/win32/components/wch/toolchain/risc-v embedded gcc/bin/../lib/gcc/riscv-none-embed/8.2.0/../../../../riscv-none-embed/lib/rv32imac/ilp32\libnosys.a
END GROUP
                0x0000000000000200                __stack_size = 0x200
                [!provide]                        PROVIDE (_stack_size = __stack_size)

.init           0x0000000000000000        0x4
                0x0000000000000000                _sinit = .
                0x0000000000000000                . = ALIGN (0x4)
 *(SORT_NONE(.init))
 .init          0x0000000000000000        0x4 ./Startup/startup_CH583.o
                0x0000000000000000                _start
                0x0000000000000004                . = ALIGN (0x4)
                0x0000000000000004                _einit = .

.highcodelalign
                0x0000000000000004        0x0
                0x0000000000000004                . = ALIGN (0x4)
                0x0000000000000004                PROVIDE (_highcode_lma = .)

.highcode       0x0000000020000000     0x2030 load address 0x0000000000000004
                0x0000000020000000                . = ALIGN (0x4)
                0x0000000020000000                PROVIDE (_highcode_vma_start = .)
 *(.vector)
 .vector        0x0000000020000000       0x90 ./Startup/startup_CH583.o
 *(SORT_NONE(.vector_handler))
 .vector_handler
                0x0000000020000090        0x2 ./Startup/startup_CH583.o
                0x0000000020000090                GPIOB_IRQHandler
                0x0000000020000090                GPIOA_IRQHandler
                0x0000000020000090                SysTick_Handler
                0x0000000020000090                NMI_Handler
                0x0000000020000090                UART1_IRQHandler
                0x0000000020000090                UART0_IRQHandler
                0x0000000020000090                BB_IRQHandler
                0x0000000020000090                Break_Point_Handler
                0x0000000020000090                TMR0_IRQHandler
                0x0000000020000090                Ecall_M_Mode_Handler
                0x0000000020000090                UART2_IRQHandler
                0x0000000020000090                PWMX_IRQHandler
                0x0000000020000090                ADC_IRQHandler
                0x0000000020000090                TMR2_IRQHandler
                0x0000000020000090                USB_IRQHandler
                0x0000000020000090                I2C_IRQHandler
                0x0000000020000090                USB2_IRQHandler
                0x0000000020000090                LLE_IRQHandler
                0x0000000020000090                WDOG_BAT_IRQHandler
                0x0000000020000090                Ecall_U_Mode_Handler
                0x0000000020000090                TMR3_IRQHandler
                0x0000000020000090                SW_Handler
                0x0000000020000090                SPI0_IRQHandler
                0x0000000020000090                UART3_IRQHandler
                0x0000000020000090                TMR1_IRQHandler
 *(.highcode)
 .highcode      0x0000000020000092       0x18 ./StdPeriphDriver/CH58x_clk.o
                0x0000000020000092                RTC_GetCycle32k
 .highcode      0x00000000200000aa      0x4ec ./StdPeriphDriver/CH58x_sys.o
                0x00000000200000aa                SetSysClock
                0x0000000020000430                SYS_ResetExecute
                0x00000000200004a2                HardFault_Handler
                0x0000000020000560                mDelayuS
                0x000000002000056e                mDelaymS
 .highcode      0x0000000020000596       0x16 ./HAL/RTC.o
                0x0000000020000596                RTC_IRQHandler
 .highcode      0x00000000200005ac        0x8 ./APP/peripheral_main.o
                0x00000000200005ac                Main_Circulation
 .highcode      0x00000000200005b4      0x426 d:\WorkSpace\Code\Proj\Keygo\code\CH582M\Peripheral\StdPeriphDriver\libISP583.a(ISP583.o)
                0x00000000200005b4                FLASH_ROM_BEG
                0x00000000200005c6                FLASH_ROM_END
                0x00000000200005d4                FLASH_ROM_IN
                0x00000000200005e2                FLASH_ROM_OUT
                0x00000000200005f0                FLASH_ROM_ADDR
                0x0000000020000638                FLASH_ROM_WAIT
                0x0000000020000670                FLASH_EEPROM_CMD
 .highcode      0x00000000200009da      0x40c d:\WorkSpace\Code\Proj\Keygo\code\CH582M\Peripheral\LIB\libCH58xBLE.a(tmos.o)
                0x00000000200009da                tmos_memcpy
                0x00000000200009fa                tmos_memcpy_word
                0x0000000020000a12                tmos_memset
                0x0000000020000a24                tmos_strlen
                0x0000000020000a38                tmos_memdup
                0x0000000020000a6a                tmos_memcmp
                0x0000000020000a98                tmos_revmemcpy
                0x0000000020000ab4                tmos_isbufset
                0x0000000020000ad6                tmos_proces_system_time
                0x0000000020000c0a                TMOS_SystemProcess
 .highcode      0x0000000020000de6       0x50 d:\WorkSpace\Code\Proj\Keygo\code\CH582M\Peripheral\LIB\libCH58xBLE.a(tmos_hw.o)
                0x0000000020000e30                TMOS_TimerIRQHandler
 .highcode      0x0000000020000e36       0x4e d:\WorkSpace\Code\Proj\Keygo\code\CH582M\Peripheral\LIB\libCH58xBLE.a(ll_whitelist.o)
                0x0000000020000e36                LL_WhitelistLookup
 .highcode      0x0000000020000e84      0x1b2 d:\WorkSpace\Code\Proj\Keygo\code\CH582M\Peripheral\LIB\libCH58xBLE.a(aes.o)
                0x0000000020000e84                AES_DevAESEnc
 .highcode      0x0000000020001036      0x14a d:\WorkSpace\Code\Proj\Keygo\code\CH582M\Peripheral\LIB\libCH58xBLE.a(bb.o)
                0x0000000020001036                BB_IRQLibHandler
                0x0000000020001136                BB_IRQLibFunction
 .highcode      0x0000000020001180      0x368 d:\WorkSpace\Code\Proj\Keygo\code\CH582M\Peripheral\LIB\libCH58xBLE.a(ip.o)
                0x0000000020001180                ll_rx_wait_finish
                0x00000000200011ba                ble_ll_chkcrc
                0x0000000020001258                ll_tx_wait_finish
                0x0000000020001350                BLE_CheckHoppingMap
 .highcode      0x00000000200014e8      0x254 d:\WorkSpace\Code\Proj\Keygo\code\CH582M\Peripheral\LIB\libCH58xBLE.a(lle.o)
                0x00000000200014e8                LLE_IRQLibHandler
                0x00000000200016f2                LLE_IRQLibFunction
 .highcode      0x000000002000173c       0x32 d:\WorkSpace\Code\Proj\Keygo\code\CH582M\Peripheral\LIB\libCH58xBLE.a(rfend.o)
                0x000000002000173c                RFEND_WaitTune
 .highcode      0x000000002000176e      0x19e d:\WorkSpace\Code\Proj\Keygo\code\CH582M\Peripheral\LIB\libCH58xBLE.a(memory.o)
                0x000000002000176e                tmos_memory_allocate
                0x0000000020001834                tmos_memory_free
 .highcode      0x000000002000190c      0x2da d:\WorkSpace\Code\Proj\Keygo\code\CH582M\Peripheral\LIB\libCH58xBLE.a(ll_connect.o)
                0x000000002000190c                ll_connect_send_data
                0x0000000020001a38                ll_connect_recv_data
                0x0000000020001b14                ll_connect_event_continue
                0x0000000020001bda                ll_wait_connect_event
 .highcode      0x0000000020001be6      0x310 d:\WorkSpace\Code\Proj\Keygo\code\CH582M\Peripheral\LIB\libCH58xBLE.a(ll_hop.o)
                0x0000000020001be6                LL_HopGetChannel
                0x0000000020001c8c                LL_HopGetChannel2
 .highcode      0x0000000020001ef6      0x138 d:\WorkSpace\Code\Proj\Keygo\code\CH582M\Peripheral\LIB\libCH58xBLE.a(ll_resolvinglist.o)
                0x0000000020001ef6                ll_resolvinglist_checkRPA
                0x0000000020001f62                LL_ResolvinglistPeerIdentifyAddressGetIrk
                0x0000000020001fb6                LL_ResolvinglistPeerRpaAddressGetIrk
                0x0000000020001ff2                LL_ResolvinglistLocalRpaAddressGetIrk
 *(.highcode.*)
                0x0000000020002030                . = ALIGN (0x4)
 *fill*         0x000000002000202e        0x2 
                0x0000000020002030                PROVIDE (_highcode_vma_end = .)

.text           0x0000000000002034    0x22990
                0x0000000000002034                . = ALIGN (0x4)
 *(SORT_NONE(.handle_reset))
 .handle_reset  0x0000000000002034       0xda ./Startup/startup_CH583.o
                0x0000000000002034                handle_reset
 *(.text)
 .text          0x000000000000210e       0xa8 d:/mounriver/mounriver_studio2/resources/app/resources/win32/components/wch/toolchain/risc-v embedded gcc/bin/../lib/gcc/riscv-none-embed/8.2.0/../../../../riscv-none-embed/lib/rv32imac/ilp32\libg_nano.a(lib_a-memset.o)
                0x000000000000210e                memset
 *(.text.*)
 .text.ADC_InterTSSampInit
                0x00000000000021b6       0x28 ./StdPeriphDriver/CH58x_adc.o
                0x00000000000021b6                ADC_InterTSSampInit
 .text.LSECFG_Current
                0x00000000000021de       0x68 ./StdPeriphDriver/CH58x_clk.o
                0x00000000000021de                LSECFG_Current
 .text.RTC_InitTime
                0x0000000000002246      0x204 ./StdPeriphDriver/CH58x_clk.o
                0x0000000000002246                RTC_InitTime
 .text.Calibration_LSI
                0x000000000000244a      0x8da ./StdPeriphDriver/CH58x_clk.o
                0x000000000000244a                Calibration_LSI
 .text.GPIOA_ModeCfg
                0x0000000000002d24       0xa6 ./StdPeriphDriver/CH58x_gpio.o
                0x0000000000002d24                GPIOA_ModeCfg
 .text.GetSysClock
                0x0000000000002dca       0x42 ./StdPeriphDriver/CH58x_sys.o
                0x0000000000002dca                GetSysClock
 .text.SYS_DisableAllIrq
                0x0000000000002e0c       0x20 ./StdPeriphDriver/CH58x_sys.o
                0x0000000000002e0c                SYS_DisableAllIrq
 .text.SYS_RecoverIrq
                0x0000000000002e2c       0x14 ./StdPeriphDriver/CH58x_sys.o
                0x0000000000002e2c                SYS_RecoverIrq
 .text.SYS_GetSysTickCnt
                0x0000000000002e40        0xa ./StdPeriphDriver/CH58x_sys.o
                0x0000000000002e40                SYS_GetSysTickCnt
 .text._write   0x0000000000002e4a       0x28 ./StdPeriphDriver/CH58x_sys.o
                0x0000000000002e4a                _write
 .text._sbrk    0x0000000000002e72       0x34 ./StdPeriphDriver/CH58x_sys.o
                0x0000000000002e72                _sbrk
 .text.UART1_BaudRateCfg
                0x0000000000002ea6       0x30 ./StdPeriphDriver/CH58x_uart1.o
                0x0000000000002ea6                UART1_BaudRateCfg
 .text.UART1_DefInit
                0x0000000000002ed6       0x32 ./StdPeriphDriver/CH58x_uart1.o
                0x0000000000002ed6                UART1_DefInit
 .text.devInfo_ReadAttrCB
                0x0000000000002f08      0x196 ./Profile/devinfoservice.o
 .text.DevInfo_AddService
                0x000000000000309e       0x18 ./Profile/devinfoservice.o
                0x000000000000309e                DevInfo_AddService
 .text.simpleProfile_ReadAttrCB
                0x00000000000030b6       0x70 ./Profile/gattprofile.o
 .text.simpleProfile_WriteAttrCB
                0x0000000000003126       0xd0 ./Profile/gattprofile.o
 .text.simpleProfile_HandleConnStatusCB
                0x00000000000031f6       0x3e ./Profile/gattprofile.o
 .text.SimpleProfile_AddService
                0x0000000000003234       0x4c ./Profile/gattprofile.o
                0x0000000000003234                SimpleProfile_AddService
 .text.SimpleProfile_RegisterAppCBs
                0x0000000000003280        0xe ./Profile/gattprofile.o
                0x0000000000003280                SimpleProfile_RegisterAppCBs
 .text.SimpleProfile_SetParameter
                0x000000000000328e       0x82 ./Profile/gattprofile.o
                0x000000000000328e                SimpleProfile_SetParameter
 .text.simpleProfile_Notify
                0x0000000000003310       0x46 ./Profile/gattprofile.o
                0x0000000000003310                simpleProfile_Notify
 .text.Lib_Calibration_LSI
                0x0000000000003356        0x6 ./HAL/MCU.o
                0x0000000000003356                Lib_Calibration_LSI
 .text.Lib_Read_Flash
                0x000000000000335c       0x1c ./HAL/MCU.o
                0x000000000000335c                Lib_Read_Flash
 .text.Lib_Write_Flash
                0x0000000000003378       0x40 ./HAL/MCU.o
                0x0000000000003378                Lib_Write_Flash
 .text.HAL_GetInterTempValue
                0x00000000000033b8       0x72 ./HAL/MCU.o
                0x00000000000033b8                HAL_GetInterTempValue
 .text.HAL_ProcessEvent
                0x000000000000342a       0x7e ./HAL/MCU.o
                0x000000000000342a                HAL_ProcessEvent
 .text.CH58X_BLEInit
                0x00000000000034a8      0x132 ./HAL/MCU.o
                0x00000000000034a8                CH58X_BLEInit
 .text.HAL_Init
                0x00000000000035da       0x30 ./HAL/MCU.o
                0x00000000000035da                HAL_Init
 .text.HAL_TimeInit
                0x000000000000360a       0xe0 ./HAL/RTC.o
                0x000000000000360a                HAL_TimeInit
 .text.peripheralRssiCB
                0x00000000000036ea       0x12 ./APP/peripheral.o
 .text.simpleProfileChangeCB
                0x00000000000036fc       0x3e ./APP/peripheral.o
 .text.peripheralParamUpdateCB
                0x000000000000373a       0x30 ./APP/peripheral.o
 .text.Peripheral_LinkTerminated
                0x000000000000376a       0x58 ./APP/peripheral.o
 .text.peripheralStateNotificationCB
                0x00000000000037c2      0x170 ./APP/peripheral.o
 .text.Peripheral_ProcessEvent
                0x0000000000003932      0x1bc ./APP/peripheral.o
                0x0000000000003932                Peripheral_ProcessEvent
 .text.Peripheral_Init
                0x0000000000003aee      0x18c ./APP/peripheral.o
                0x0000000000003aee                Peripheral_Init
 .text.startup.main
                0x0000000000003c7a       0x50 ./APP/peripheral_main.o
                0x0000000000003c7a                main
 .text.tmos_msg_enqueue
                0x0000000000003cca       0x1e d:\WorkSpace\Code\Proj\Keygo\code\CH582M\Peripheral\LIB\libCH58xBLE.a(message.o)
                0x0000000000003cca                tmos_msg_enqueue
 .text.tmos_msg_deallocate
                0x0000000000003ce8       0x2c d:\WorkSpace\Code\Proj\Keygo\code\CH582M\Peripheral\LIB\libCH58xBLE.a(message.o)
                0x0000000000003ce8                tmos_msg_deallocate
 .text.tmos_msg_allocate
                0x0000000000003d14       0x46 d:\WorkSpace\Code\Proj\Keygo\code\CH582M\Peripheral\LIB\libCH58xBLE.a(message.o)
                0x0000000000003d14                tmos_msg_allocate
 .text.tmos_msg_receive
                0x0000000000003d5a       0x68 d:\WorkSpace\Code\Proj\Keygo\code\CH582M\Peripheral\LIB\libCH58xBLE.a(message.o)
                0x0000000000003d5a                tmos_msg_receive
 .text.tmos_msg_send
                0x0000000000003dc2       0x5c d:\WorkSpace\Code\Proj\Keygo\code\CH582M\Peripheral\LIB\libCH58xBLE.a(message.o)
                0x0000000000003dc2                tmos_msg_send
 .text.tmos_msg_init
                0x0000000000003e1e        0x6 d:\WorkSpace\Code\Proj\Keygo\code\CH582M\Peripheral\LIB\libCH58xBLE.a(message.o)
                0x0000000000003e1e                tmos_msg_init
 .text.tmosFindTask
                0x0000000000003e24       0x20 d:\WorkSpace\Code\Proj\Keygo\code\CH582M\Peripheral\LIB\libCH58xBLE.a(tmos.o)
 .text.TMOS_CB_PeriodicProcessEvent
                0x0000000000003e44       0x82 d:\WorkSpace\Code\Proj\Keygo\code\CH582M\Peripheral\LIB\libCH58xBLE.a(tmos.o)
                0x0000000000003e44                TMOS_CB_PeriodicProcessEvent
 .text.TMOS_CB_ProcessEvent
                0x0000000000003ec6       0x7c d:\WorkSpace\Code\Proj\Keygo\code\CH582M\Peripheral\LIB\libCH58xBLE.a(tmos.o)
                0x0000000000003ec6                TMOS_CB_ProcessEvent
 .text.tmos_rand
                0x0000000000003f42       0x4e d:\WorkSpace\Code\Proj\Keygo\code\CH582M\Peripheral\LIB\libCH58xBLE.a(tmos.o)
                0x0000000000003f42                tmos_rand
 .text.tmos_start_periodic_callback_task
                0x0000000000003f90       0xda d:\WorkSpace\Code\Proj\Keygo\code\CH582M\Peripheral\LIB\libCH58xBLE.a(tmos.o)
                0x0000000000003f90                tmos_start_periodic_callback_task
 .text.tmos_set_event
                0x000000000000406a       0x2a d:\WorkSpace\Code\Proj\Keygo\code\CH582M\Peripheral\LIB\libCH58xBLE.a(tmos.o)
                0x000000000000406a                tmos_set_event
 .text.tmos_clear_event
                0x0000000000004094       0x2e d:\WorkSpace\Code\Proj\Keygo\code\CH582M\Peripheral\LIB\libCH58xBLE.a(tmos.o)
                0x0000000000004094                tmos_clear_event
 .text.tmos_update_callback_timer
                0x00000000000040c2       0xba d:\WorkSpace\Code\Proj\Keygo\code\CH582M\Peripheral\LIB\libCH58xBLE.a(tmos.o)
                0x00000000000040c2                tmos_update_callback_timer
 .text.tmos_update_periodic_callback_timer
                0x000000000000417c       0x5a d:\WorkSpace\Code\Proj\Keygo\code\CH582M\Peripheral\LIB\libCH58xBLE.a(tmos.o)
                0x000000000000417c                tmos_update_periodic_callback_timer
 .text.tmos_start_task
                0x00000000000041d6      0x126 d:\WorkSpace\Code\Proj\Keygo\code\CH582M\Peripheral\LIB\libCH58xBLE.a(tmos.o)
                0x00000000000041d6                tmos_start_task
 .text.tmos_start_callback_task
                0x00000000000042fc       0x96 d:\WorkSpace\Code\Proj\Keygo\code\CH582M\Peripheral\LIB\libCH58xBLE.a(tmos.o)
                0x00000000000042fc                tmos_start_callback_task
 .text.tmos_start_reload_task
                0x0000000000004392       0x54 d:\WorkSpace\Code\Proj\Keygo\code\CH582M\Peripheral\LIB\libCH58xBLE.a(tmos.o)
                0x0000000000004392                tmos_start_reload_task
 .text.tmos_stop_task
                0x00000000000043e6       0x48 d:\WorkSpace\Code\Proj\Keygo\code\CH582M\Peripheral\LIB\libCH58xBLE.a(tmos.o)
                0x00000000000043e6                tmos_stop_task
 .text.tmos_stop_callback_task
                0x000000000000442e       0x56 d:\WorkSpace\Code\Proj\Keygo\code\CH582M\Peripheral\LIB\libCH58xBLE.a(tmos.o)
                0x000000000000442e                tmos_stop_callback_task
 .text.tmos_get_task_timer
                0x0000000000004484       0x5e d:\WorkSpace\Code\Proj\Keygo\code\CH582M\Peripheral\LIB\libCH58xBLE.a(tmos.o)
                0x0000000000004484                tmos_get_task_timer
 .text.TMOS_TimerRegister
                0x00000000000044e2       0x1a d:\WorkSpace\Code\Proj\Keygo\code\CH582M\Peripheral\LIB\libCH58xBLE.a(tmos.o)
                0x00000000000044e2                TMOS_TimerRegister
 .text.TMOS_ProcessRegister
                0x00000000000044fc       0x16 d:\WorkSpace\Code\Proj\Keygo\code\CH582M\Peripheral\LIB\libCH58xBLE.a(tmos.o)
                0x00000000000044fc                TMOS_ProcessRegister
 .text.TMOS_Init
                0x0000000000004512      0x10e d:\WorkSpace\Code\Proj\Keygo\code\CH582M\Peripheral\LIB\libCH58xBLE.a(tmos.o)
                0x0000000000004512                TMOS_Init
 .text.TMOS_ProcessEventRegister
                0x0000000000004620       0x38 d:\WorkSpace\Code\Proj\Keygo\code\CH582M\Peripheral\LIB\libCH58xBLE.a(tmos.o)
                0x0000000000004620                TMOS_ProcessEventRegister
 .text.BLE_LibInit
                0x0000000000004658      0x178 d:\WorkSpace\Code\Proj\Keygo\code\CH582M\Peripheral\LIB\libCH58xBLE.a(tmos.o)
                0x0000000000004658                BLE_LibInit
 .text.clockGetTickValve
                0x00000000000047d0       0x7e d:\WorkSpace\Code\Proj\Keygo\code\CH582M\Peripheral\LIB\libCH58xBLE.a(tmos_hw.o)
 .text.ll_get_sca_divisor
                0x000000000000484e       0x40 d:\WorkSpace\Code\Proj\Keygo\code\CH582M\Peripheral\LIB\libCH58xBLE.a(tmos_hw.o)
                0x000000000000484e                ll_get_sca_divisor
 .text.ll_get_sca_own
                0x000000000000488e       0x46 d:\WorkSpace\Code\Proj\Keygo\code\CH582M\Peripheral\LIB\libCH58xBLE.a(tmos_hw.o)
                0x000000000000488e                ll_get_sca_own
 .text.ble_ll_common_rand8
                0x00000000000048d4       0x24 d:\WorkSpace\Code\Proj\Keygo\code\CH582M\Peripheral\LIB\libCH58xBLE.a(tmos_hw.o)
                0x00000000000048d4                ble_ll_common_rand8
 .text.ble_ll_common_rand16
                0x00000000000048f8       0x24 d:\WorkSpace\Code\Proj\Keygo\code\CH582M\Peripheral\LIB\libCH58xBLE.a(tmos_hw.o)
                0x00000000000048f8                ble_ll_common_rand16
 .text.ble_ll_common_rand32
                0x000000000000491c       0x20 d:\WorkSpace\Code\Proj\Keygo\code\CH582M\Peripheral\LIB\libCH58xBLE.a(tmos_hw.o)
                0x000000000000491c                ble_ll_common_rand32
 .text.TMOS_TempSample
                0x000000000000493c       0x62 d:\WorkSpace\Code\Proj\Keygo\code\CH582M\Peripheral\LIB\libCH58xBLE.a(tmos_hw.o)
                0x000000000000493c                TMOS_TempSample
 .text.TMOS_TimerInit
                0x000000000000499e      0x14c d:\WorkSpace\Code\Proj\Keygo\code\CH582M\Peripheral\LIB\libCH58xBLE.a(tmos_hw.o)
                0x000000000000499e                TMOS_TimerInit
 .text.tmos_snv_init
                0x0000000000004aea       0xc0 d:\WorkSpace\Code\Proj\Keygo\code\CH582M\Peripheral\LIB\libCH58xBLE.a(tmos_snv.o)
                0x0000000000004aea                tmos_snv_init
 .text.tmos_snv_read
                0x0000000000004baa      0x292 d:\WorkSpace\Code\Proj\Keygo\code\CH582M\Peripheral\LIB\libCH58xBLE.a(tmos_snv.o)
                0x0000000000004baa                tmos_snv_read
 .text.tmos_snv_notify
                0x0000000000004e3c       0x5a d:\WorkSpace\Code\Proj\Keygo\code\CH582M\Peripheral\LIB\libCH58xBLE.a(tmos_snv.o)
                0x0000000000004e3c                tmos_snv_notify
 .text.tmos_snv_write
                0x0000000000004e96      0x2ce d:\WorkSpace\Code\Proj\Keygo\code\CH582M\Peripheral\LIB\libCH58xBLE.a(tmos_snv.o)
                0x0000000000004e96                tmos_snv_write
 .text.tmos_snv_compact
                0x0000000000005164        0x4 d:\WorkSpace\Code\Proj\Keygo\code\CH582M\Peripheral\LIB\libCH58xBLE.a(tmos_snv.o)
                0x0000000000005164                tmos_snv_compact
 .text.disconnectNext
                0x0000000000005168       0x22 d:\WorkSpace\Code\Proj\Keygo\code\CH582M\Peripheral\LIB\libCH58xBLE.a(gap.o)
 .text.GAP_ParamInit
                0x000000000000518a       0xec d:\WorkSpace\Code\Proj\Keygo\code\CH582M\Peripheral\LIB\libCH58xBLE.a(gap.o)
                0x000000000000518a                GAP_ParamInit
 .text.sendTerminateEvent
                0x0000000000005276       0x58 d:\WorkSpace\Code\Proj\Keygo\code\CH582M\Peripheral\LIB\libCH58xBLE.a(gap.o)
                0x0000000000005276                sendTerminateEvent
 .text.gapRegisterCentral
                0x00000000000052ce        0x6 d:\WorkSpace\Code\Proj\Keygo\code\CH582M\Peripheral\LIB\libCH58xBLE.a(gap.o)
                0x00000000000052ce                gapRegisterCentral
 .text.gapRegisterCentralConn
                0x00000000000052d4        0x6 d:\WorkSpace\Code\Proj\Keygo\code\CH582M\Peripheral\LIB\libCH58xBLE.a(gap.o)
                0x00000000000052d4                gapRegisterCentralConn
 .text.gapRegisterPeripheral
                0x00000000000052da        0x6 d:\WorkSpace\Code\Proj\Keygo\code\CH582M\Peripheral\LIB\libCH58xBLE.a(gap.o)
                0x00000000000052da                gapRegisterPeripheral
 .text.gapRegisterPeripheralConn
                0x00000000000052e0        0x6 d:\WorkSpace\Code\Proj\Keygo\code\CH582M\Peripheral\LIB\libCH58xBLE.a(gap.o)
                0x00000000000052e0                gapRegisterPeripheralConn
 .text.smGenerateRandBuf
                0x00000000000052e6       0x56 d:\WorkSpace\Code\Proj\Keygo\code\CH582M\Peripheral\LIB\libCH58xBLE.a(gap.o)
                0x00000000000052e6                smGenerateRandBuf
 .text.gapL2capConnParamUpdateReq
                0x000000000000533c       0x36 d:\WorkSpace\Code\Proj\Keygo\code\CH582M\Peripheral\LIB\libCH58xBLE.a(gap.o)
                0x000000000000533c                gapL2capConnParamUpdateReq
 .text.gapValidADType
                0x0000000000005372       0x16 d:\WorkSpace\Code\Proj\Keygo\code\CH582M\Peripheral\LIB\libCH58xBLE.a(gap.o)
                0x0000000000005372                gapValidADType
 .text.gapFindADType
                0x0000000000005388       0x92 d:\WorkSpace\Code\Proj\Keygo\code\CH582M\Peripheral\LIB\libCH58xBLE.a(gap.o)
                0x0000000000005388                gapFindADType
 .text.GAP_SecParamsInit
                0x000000000000541a       0xaa d:\WorkSpace\Code\Proj\Keygo\code\CH582M\Peripheral\LIB\libCH58xBLE.a(gap.o)
                0x000000000000541a                GAP_SecParamsInit
 .text.GAP_ParamsInit
                0x00000000000054c4       0x50 d:\WorkSpace\Code\Proj\Keygo\code\CH582M\Peripheral\LIB\libCH58xBLE.a(gap.o)
                0x00000000000054c4                GAP_ParamsInit
 .text.gapAddAddrAdj
                0x0000000000005514       0x48 d:\WorkSpace\Code\Proj\Keygo\code\CH582M\Peripheral\LIB\libCH58xBLE.a(gap.o)
                0x0000000000005514                gapAddAddrAdj
 .text.gapDetermineAddrType
                0x000000000000555c       0x28 d:\WorkSpace\Code\Proj\Keygo\code\CH582M\Peripheral\LIB\libCH58xBLE.a(gap.o)
                0x000000000000555c                gapDetermineAddrType
 .text.gapFreeAuthLink
                0x0000000000005584       0x4a d:\WorkSpace\Code\Proj\Keygo\code\CH582M\Peripheral\LIB\libCH58xBLE.a(gap.o)
                0x0000000000005584                gapFreeAuthLink
 .text.gapGetDevAddress
                0x00000000000055ce       0x24 d:\WorkSpace\Code\Proj\Keygo\code\CH582M\Peripheral\LIB\libCH58xBLE.a(gap.o)
                0x00000000000055ce                gapGetDevAddress
 .text.gapGetDevAddressMode
                0x00000000000055f2        0xa d:\WorkSpace\Code\Proj\Keygo\code\CH582M\Peripheral\LIB\libCH58xBLE.a(gap.o)
                0x00000000000055f2                gapGetDevAddressMode
 .text.gapGetIRK
                0x00000000000055fc        0xc d:\WorkSpace\Code\Proj\Keygo\code\CH582M\Peripheral\LIB\libCH58xBLE.a(gap.o)
                0x00000000000055fc                gapGetIRK
 .text.gapGetSRK
                0x0000000000005608        0xc d:\WorkSpace\Code\Proj\Keygo\code\CH582M\Peripheral\LIB\libCH58xBLE.a(gap.o)
                0x0000000000005608                gapGetSRK
 .text.gapGetSignCounter
                0x0000000000005614        0xe d:\WorkSpace\Code\Proj\Keygo\code\CH582M\Peripheral\LIB\libCH58xBLE.a(gap.o)
                0x0000000000005614                gapGetSignCounter
 .text.gapIncSignCounter
                0x0000000000005622       0x28 d:\WorkSpace\Code\Proj\Keygo\code\CH582M\Peripheral\LIB\libCH58xBLE.a(gap.o)
                0x0000000000005622                gapIncSignCounter
 .text.gapProcessConnEvt
                0x000000000000564a       0x48 d:\WorkSpace\Code\Proj\Keygo\code\CH582M\Peripheral\LIB\libCH58xBLE.a(gap.o)
                0x000000000000564a                gapProcessConnEvt
 .text.gapProcessDisconnectCompleteEvt
                0x0000000000005692       0xa6 d:\WorkSpace\Code\Proj\Keygo\code\CH582M\Peripheral\LIB\libCH58xBLE.a(gap.o)
                0x0000000000005692                gapProcessDisconnectCompleteEvt
 .text.sendAuthEvent
                0x0000000000005738      0x11e d:\WorkSpace\Code\Proj\Keygo\code\CH582M\Peripheral\LIB\libCH58xBLE.a(gap.o)
                0x0000000000005738                sendAuthEvent
 .text.gapSendBondCompleteEvent
                0x0000000000005856       0x74 d:\WorkSpace\Code\Proj\Keygo\code\CH582M\Peripheral\LIB\libCH58xBLE.a(gap.o)
                0x0000000000005856                gapSendBondCompleteEvent
 .text.gapSendPairingReqEvent
                0x00000000000058ca       0x96 d:\WorkSpace\Code\Proj\Keygo\code\CH582M\Peripheral\LIB\libCH58xBLE.a(gap.o)
                0x00000000000058ca                gapSendPairingReqEvent
 .text.gapSendSlaveSecurityReqEvent
                0x0000000000005960       0x68 d:\WorkSpace\Code\Proj\Keygo\code\CH582M\Peripheral\LIB\libCH58xBLE.a(gap.o)
                0x0000000000005960                gapSendSlaveSecurityReqEvent
 .text.gapSendDeviceInitDoneEvent
                0x00000000000059c8       0x88 d:\WorkSpace\Code\Proj\Keygo\code\CH582M\Peripheral\LIB\libCH58xBLE.a(gap.o)
                0x00000000000059c8                gapSendDeviceInitDoneEvent
 .text.gapSendLinkUpdateEvent
                0x0000000000005a50       0xb2 d:\WorkSpace\Code\Proj\Keygo\code\CH582M\Peripheral\LIB\libCH58xBLE.a(gap.o)
                0x0000000000005a50                gapSendLinkUpdateEvent
 .text.gapSendPhyUpdateEvent
                0x0000000000005b02       0x58 d:\WorkSpace\Code\Proj\Keygo\code\CH582M\Peripheral\LIB\libCH58xBLE.a(gap.o)
                0x0000000000005b02                gapSendPhyUpdateEvent
 .text.gapSendEstLinkEvent
                0x0000000000005b5a       0xbc d:\WorkSpace\Code\Proj\Keygo\code\CH582M\Peripheral\LIB\libCH58xBLE.a(gap.o)
                0x0000000000005b5a                gapSendEstLinkEvent
 .text.gapProcessNewAddr
                0x0000000000005c16       0x3e d:\WorkSpace\Code\Proj\Keygo\code\CH582M\Peripheral\LIB\libCH58xBLE.a(gap.o)
                0x0000000000005c16                gapProcessNewAddr
 .text.gapProcessRandomAddrComplete
                0x0000000000005c54       0xb6 d:\WorkSpace\Code\Proj\Keygo\code\CH582M\Peripheral\LIB\libCH58xBLE.a(gap.o)
                0x0000000000005c54                gapProcessRandomAddrComplete
 .text.GAP_Authenticate
                0x0000000000005d0a       0xde d:\WorkSpace\Code\Proj\Keygo\code\CH582M\Peripheral\LIB\libCH58xBLE.a(gap.o)
                0x0000000000005d0a                GAP_Authenticate
 .text.GAP_Bond
                0x0000000000005de8       0xaa d:\WorkSpace\Code\Proj\Keygo\code\CH582M\Peripheral\LIB\libCH58xBLE.a(gap.o)
                0x0000000000005de8                GAP_Bond
 .text.GAP_GetParamValue
                0x0000000000005e92       0x20 d:\WorkSpace\Code\Proj\Keygo\code\CH582M\Peripheral\LIB\libCH58xBLE.a(gap.o)
                0x0000000000005e92                GAP_GetParamValue
 .text.GAP_PasscodeUpdate
                0x0000000000005eb2       0x54 d:\WorkSpace\Code\Proj\Keygo\code\CH582M\Peripheral\LIB\libCH58xBLE.a(gap.o)
                0x0000000000005eb2                GAP_PasscodeUpdate
 .text.GAP_RegisterForMsgs
                0x0000000000005f06        0xa d:\WorkSpace\Code\Proj\Keygo\code\CH582M\Peripheral\LIB\libCH58xBLE.a(gap.o)
                0x0000000000005f06                GAP_RegisterForMsgs
 .text.GAP_ResolvePrivateAddr
                0x0000000000005f10        0x4 d:\WorkSpace\Code\Proj\Keygo\code\CH582M\Peripheral\LIB\libCH58xBLE.a(gap.o)
                0x0000000000005f10                GAP_ResolvePrivateAddr
 .text.gapPairingCompleteCB
                0x0000000000005f14      0x18c d:\WorkSpace\Code\Proj\Keygo\code\CH582M\Peripheral\LIB\libCH58xBLE.a(gap.o)
                0x0000000000005f14                gapPairingCompleteCB
 .text.gapPasskeyNeededCB
                0x00000000000060a0       0x8e d:\WorkSpace\Code\Proj\Keygo\code\CH582M\Peripheral\LIB\libCH58xBLE.a(gap.o)
                0x00000000000060a0                gapPasskeyNeededCB
 .text.gapOobNeededCB
                0x000000000000612e       0xa6 d:\WorkSpace\Code\Proj\Keygo\code\CH582M\Peripheral\LIB\libCH58xBLE.a(gap.o)
                0x000000000000612e                gapOobNeededCB
 .text.gapFreeEstLink
                0x00000000000061d4       0x20 d:\WorkSpace\Code\Proj\Keygo\code\CH582M\Peripheral\LIB\libCH58xBLE.a(gap.o)
                0x00000000000061d4                gapFreeEstLink
 .text.gapUpdateConnSignCounter
                0x00000000000061f4       0x7a d:\WorkSpace\Code\Proj\Keygo\code\CH582M\Peripheral\LIB\libCH58xBLE.a(gap.o)
                0x00000000000061f4                gapUpdateConnSignCounter
 .text.GAP_SendSlaveSecurityRequest
                0x000000000000626e       0x4a d:\WorkSpace\Code\Proj\Keygo\code\CH582M\Peripheral\LIB\libCH58xBLE.a(gap.o)
                0x000000000000626e                GAP_SendSlaveSecurityRequest
 .text.GAP_Signable
                0x00000000000062b8       0x6a d:\WorkSpace\Code\Proj\Keygo\code\CH582M\Peripheral\LIB\libCH58xBLE.a(gap.o)
                0x00000000000062b8                GAP_Signable
 .text.GAP_TerminateAuth
                0x0000000000006322       0x2a d:\WorkSpace\Code\Proj\Keygo\code\CH582M\Peripheral\LIB\libCH58xBLE.a(gap.o)
                0x0000000000006322                GAP_TerminateAuth
 .text.GAP_NumActiveConnections
                0x000000000000634c        0x4 d:\WorkSpace\Code\Proj\Keygo\code\CH582M\Peripheral\LIB\libCH58xBLE.a(gap.o)
                0x000000000000634c                GAP_NumActiveConnections
 .text.GAP_TerminateLinkReq
                0x0000000000006350       0x8e d:\WorkSpace\Code\Proj\Keygo\code\CH582M\Peripheral\LIB\libCH58xBLE.a(gap.o)
                0x0000000000006350                GAP_TerminateLinkReq
 .text.GAP_SetParamValue
                0x00000000000063de       0x6c d:\WorkSpace\Code\Proj\Keygo\code\CH582M\Peripheral\LIB\libCH58xBLE.a(gap.o)
                0x00000000000063de                GAP_SetParamValue
 .text.GAP_Init
                0x000000000000644a       0x48 d:\WorkSpace\Code\Proj\Keygo\code\CH582M\Peripheral\LIB\libCH58xBLE.a(gap.o)
                0x000000000000644a                GAP_Init
 .text.GAP_ProcessEvent
                0x0000000000006492      0x66a d:\WorkSpace\Code\Proj\Keygo\code\CH582M\Peripheral\LIB\libCH58xBLE.a(gap.o)
                0x0000000000006492                GAP_ProcessEvent
 .text.gapSendScanEnable
                0x0000000000006afc       0x3a d:\WorkSpace\Code\Proj\Keygo\code\CH582M\Peripheral\LIB\libCH58xBLE.a(gap_central.o)
 .text.gapCentProcessConnEvt
                0x0000000000006b36      0x168 d:\WorkSpace\Code\Proj\Keygo\code\CH582M\Peripheral\LIB\libCH58xBLE.a(gap_central.o)
                0x0000000000006b36                gapCentProcessConnEvt
 .text.gapProcessScanningPeriodicAdvEvt
                0x0000000000006c9e       0xa0 d:\WorkSpace\Code\Proj\Keygo\code\CH582M\Peripheral\LIB\libCH58xBLE.a(gap_central.o)
                0x0000000000006c9e                gapProcessScanningPeriodicAdvEvt
 .text.gapCancelLinkReq
                0x0000000000006d3e       0x38 d:\WorkSpace\Code\Proj\Keygo\code\CH582M\Peripheral\LIB\libCH58xBLE.a(gap_central.o)
                0x0000000000006d3e                gapCancelLinkReq
 .text.gapProcessAdvertDevInfo
                0x0000000000006d76      0x242 d:\WorkSpace\Code\Proj\Keygo\code\CH582M\Peripheral\LIB\libCH58xBLE.a(gap_central.o)
                0x0000000000006d76                gapProcessAdvertDevInfo
 .text.gapProcessExtAdvertDevInfo
                0x0000000000006fb8      0x260 d:\WorkSpace\Code\Proj\Keygo\code\CH582M\Peripheral\LIB\libCH58xBLE.a(gap_central.o)
                0x0000000000006fb8                gapProcessExtAdvertDevInfo
 .text.gapProcessPeriodicAdvertisingSyncEstablishedEvt
                0x0000000000007218       0xae d:\WorkSpace\Code\Proj\Keygo\code\CH582M\Peripheral\LIB\libCH58xBLE.a(gap_central.o)
                0x0000000000007218                gapProcessPeriodicAdvertisingSyncEstablishedEvt
 .text.gapProcessPeriodicAdvertisingSyncLostEvt
                0x00000000000072c6       0x56 d:\WorkSpace\Code\Proj\Keygo\code\CH582M\Peripheral\LIB\libCH58xBLE.a(gap_central.o)
                0x00000000000072c6                gapProcessPeriodicAdvertisingSyncLostEvt
 .text.gapFreeScanRecs
                0x000000000000731c       0xa6 d:\WorkSpace\Code\Proj\Keygo\code\CH582M\Peripheral\LIB\libCH58xBLE.a(gap_central.o)
                0x000000000000731c                gapFreeScanRecs
 .text.gapSendDevDiscEvent
                0x00000000000073c2      0x124 d:\WorkSpace\Code\Proj\Keygo\code\CH582M\Peripheral\LIB\libCH58xBLE.a(gap_central.o)
                0x00000000000073c2                gapSendDevDiscEvent
 .text.gapSetScanParamStatus
                0x00000000000074e6       0x56 d:\WorkSpace\Code\Proj\Keygo\code\CH582M\Peripheral\LIB\libCH58xBLE.a(gap_central.o)
 .text.gapCentProcessHCICmdEvt
                0x000000000000753c       0x3c d:\WorkSpace\Code\Proj\Keygo\code\CH582M\Peripheral\LIB\libCH58xBLE.a(gap_central.o)
                0x000000000000753c                gapCentProcessHCICmdEvt
 .text.gapProcessScanningEvt
                0x0000000000007578      0x10e d:\WorkSpace\Code\Proj\Keygo\code\CH582M\Peripheral\LIB\libCH58xBLE.a(gap_central.o)
                0x0000000000007578                gapProcessScanningEvt
 .text.gapProcessScanningDirectEvt
                0x0000000000007686       0xfe d:\WorkSpace\Code\Proj\Keygo\code\CH582M\Peripheral\LIB\libCH58xBLE.a(gap_central.o)
                0x0000000000007686                gapProcessScanningDirectEvt
 .text.gapProcessScanningExtAdvEvt
                0x0000000000007784      0x2c4 d:\WorkSpace\Code\Proj\Keygo\code\CH582M\Peripheral\LIB\libCH58xBLE.a(gap_central.o)
                0x0000000000007784                gapProcessScanningExtAdvEvt
 .text.GAP_CentConnRegister
                0x0000000000007a48       0x16 d:\WorkSpace\Code\Proj\Keygo\code\CH582M\Peripheral\LIB\libCH58xBLE.a(gap_central.o)
                0x0000000000007a48                GAP_CentConnRegister
 .text.GAP_CentralParamInit
                0x0000000000007a5e       0x6a d:\WorkSpace\Code\Proj\Keygo\code\CH582M\Peripheral\LIB\libCH58xBLE.a(gap_central.o)
                0x0000000000007a5e                GAP_CentralParamInit
 .text.GAP_CentDevMgrInit
                0x0000000000007ac8       0x9c d:\WorkSpace\Code\Proj\Keygo\code\CH582M\Peripheral\LIB\libCH58xBLE.a(gap_central.o)
                0x0000000000007ac8                GAP_CentDevMgrInit
 .text.gapFreeAdvertState
                0x0000000000007b64       0x20 d:\WorkSpace\Code\Proj\Keygo\code\CH582M\Peripheral\LIB\libCH58xBLE.a(gap_peripheral.o)
 .text.gapSetPeriodicAdvParams
                0x0000000000007b84       0x30 d:\WorkSpace\Code\Proj\Keygo\code\CH582M\Peripheral\LIB\libCH58xBLE.a(gap_peripheral.o)
 .text.gapSetConnectionlessCTEParams
                0x0000000000007bb4       0x54 d:\WorkSpace\Code\Proj\Keygo\code\CH582M\Peripheral\LIB\libCH58xBLE.a(gap_peripheral.o)
 .text.gapSetAdvParams
                0x0000000000007c08      0x126 d:\WorkSpace\Code\Proj\Keygo\code\CH582M\Peripheral\LIB\libCH58xBLE.a(gap_peripheral.o)
 .text.gapPeriProcessConnEvt
                0x0000000000007d2e       0xd0 d:\WorkSpace\Code\Proj\Keygo\code\CH582M\Peripheral\LIB\libCH58xBLE.a(gap_peripheral.o)
 .text.gapWriteAdvDataStatus
                0x0000000000007dfe       0x8a d:\WorkSpace\Code\Proj\Keygo\code\CH582M\Peripheral\LIB\libCH58xBLE.a(gap_peripheral.o)
 .text.GAP_MakeDiscoverable
                0x0000000000007e88      0x174 d:\WorkSpace\Code\Proj\Keygo\code\CH582M\Peripheral\LIB\libCH58xBLE.a(gap_peripheral.o)
                0x0000000000007e88                GAP_MakeDiscoverable
 .text.GAP_EndDiscoverable
                0x0000000000007ffc       0x66 d:\WorkSpace\Code\Proj\Keygo\code\CH582M\Peripheral\LIB\libCH58xBLE.a(gap_peripheral.o)
                0x0000000000007ffc                GAP_EndDiscoverable
 .text.gapProcessAdvertisingEvt
                0x0000000000008062      0x116 d:\WorkSpace\Code\Proj\Keygo\code\CH582M\Peripheral\LIB\libCH58xBLE.a(gap_peripheral.o)
 .text.GAP_MakePeriodic
                0x0000000000008178       0x26 d:\WorkSpace\Code\Proj\Keygo\code\CH582M\Peripheral\LIB\libCH58xBLE.a(gap_peripheral.o)
                0x0000000000008178                GAP_MakePeriodic
 .text.GAP_EndPeriodic
                0x000000000000819e        0xc d:\WorkSpace\Code\Proj\Keygo\code\CH582M\Peripheral\LIB\libCH58xBLE.a(gap_peripheral.o)
                0x000000000000819e                GAP_EndPeriodic
 .text.GAP_MakeConnecttionlessCTE
                0x00000000000081aa       0x1a d:\WorkSpace\Code\Proj\Keygo\code\CH582M\Peripheral\LIB\libCH58xBLE.a(gap_peripheral.o)
                0x00000000000081aa                GAP_MakeConnecttionlessCTE
 .text.GAP_EndConnecttionlessCTE
                0x00000000000081c4        0xc d:\WorkSpace\Code\Proj\Keygo\code\CH582M\Peripheral\LIB\libCH58xBLE.a(gap_peripheral.o)
                0x00000000000081c4                GAP_EndConnecttionlessCTE
 .text.GAP_SetAdvertisingAdvData
                0x00000000000081d0      0x102 d:\WorkSpace\Code\Proj\Keygo\code\CH582M\Peripheral\LIB\libCH58xBLE.a(gap_peripheral.o)
                0x00000000000081d0                GAP_SetAdvertisingAdvData
 .text.GAP_SetAdvertisingRspData
                0x00000000000082d2      0x102 d:\WorkSpace\Code\Proj\Keygo\code\CH582M\Peripheral\LIB\libCH58xBLE.a(gap_peripheral.o)
                0x00000000000082d2                GAP_SetAdvertisingRspData
 .text.GAP_SetPeriodicAdvertisingData
                0x00000000000083d4       0xc6 d:\WorkSpace\Code\Proj\Keygo\code\CH582M\Peripheral\LIB\libCH58xBLE.a(gap_peripheral.o)
                0x00000000000083d4                GAP_SetPeriodicAdvertisingData
 .text.GAP_GetAdvertisingAdvData
                0x000000000000849a       0x26 d:\WorkSpace\Code\Proj\Keygo\code\CH582M\Peripheral\LIB\libCH58xBLE.a(gap_peripheral.o)
                0x000000000000849a                GAP_GetAdvertisingAdvData
 .text.GAP_GetAdvertisingRspData
                0x00000000000084c0       0x34 d:\WorkSpace\Code\Proj\Keygo\code\CH582M\Peripheral\LIB\libCH58xBLE.a(gap_peripheral.o)
                0x00000000000084c0                GAP_GetAdvertisingRspData
 .text.GAP_GetPeriodicAdvertisingData
                0x00000000000084f4       0x34 d:\WorkSpace\Code\Proj\Keygo\code\CH582M\Peripheral\LIB\libCH58xBLE.a(gap_peripheral.o)
                0x00000000000084f4                GAP_GetPeriodicAdvertisingData
 .text.GAP_PeriConnRegister
                0x0000000000008528       0x2e d:\WorkSpace\Code\Proj\Keygo\code\CH582M\Peripheral\LIB\libCH58xBLE.a(gap_peripheral.o)
                0x0000000000008528                GAP_PeriConnRegister
 .text.GAP_PeripheralParamInit
                0x0000000000008556       0x6c d:\WorkSpace\Code\Proj\Keygo\code\CH582M\Peripheral\LIB\libCH58xBLE.a(gap_peripheral.o)
                0x0000000000008556                GAP_PeripheralParamInit
 .text.gapSendMakeDiscEvent
                0x00000000000085c2       0x50 d:\WorkSpace\Code\Proj\Keygo\code\CH582M\Peripheral\LIB\libCH58xBLE.a(gap_peripheral.o)
                0x00000000000085c2                gapSendMakeDiscEvent
 .text.gapWriteAdvEnableStatus
                0x0000000000008612      0x10e d:\WorkSpace\Code\Proj\Keygo\code\CH582M\Peripheral\LIB\libCH58xBLE.a(gap_peripheral.o)
 .text.gapSendMakePeriodicEvent
                0x0000000000008720       0x3a d:\WorkSpace\Code\Proj\Keygo\code\CH582M\Peripheral\LIB\libCH58xBLE.a(gap_peripheral.o)
                0x0000000000008720                gapSendMakePeriodicEvent
 .text.gapSendMakeConnectionlessCTEEvent
                0x000000000000875a       0x3a d:\WorkSpace\Code\Proj\Keygo\code\CH582M\Peripheral\LIB\libCH58xBLE.a(gap_peripheral.o)
                0x000000000000875a                gapSendMakeConnectionlessCTEEvent
 .text.gapPeriProcessHCICmdCompleteEvt
                0x0000000000008794      0x22e d:\WorkSpace\Code\Proj\Keygo\code\CH582M\Peripheral\LIB\libCH58xBLE.a(gap_peripheral.o)
 .text.GAP_PeriDevMgrInit
                0x00000000000089c2       0x2e d:\WorkSpace\Code\Proj\Keygo\code\CH582M\Peripheral\LIB\libCH58xBLE.a(gap_peripheral.o)
                0x00000000000089c2                GAP_PeriDevMgrInit
 .text.ggs_SetAttrWPermit
                0x00000000000089f0       0x68 d:\WorkSpace\Code\Proj\Keygo\code\CH582M\Peripheral\LIB\libCH58xBLE.a(gapgattserver.o)
 .text.ggs_ReadAttrCB
                0x0000000000008a58      0x156 d:\WorkSpace\Code\Proj\Keygo\code\CH582M\Peripheral\LIB\libCH58xBLE.a(gapgattserver.o)
 .text.ggs_WriteAttrCB
                0x0000000000008bae      0x162 d:\WorkSpace\Code\Proj\Keygo\code\CH582M\Peripheral\LIB\libCH58xBLE.a(gapgattserver.o)
 .text.GGS_ParamInit
                0x0000000000008d10      0x15c d:\WorkSpace\Code\Proj\Keygo\code\CH582M\Peripheral\LIB\libCH58xBLE.a(gapgattserver.o)
                0x0000000000008d10                GGS_ParamInit
 .text.GGS_SetParameter
                0x0000000000008e6c      0x116 d:\WorkSpace\Code\Proj\Keygo\code\CH582M\Peripheral\LIB\libCH58xBLE.a(gapgattserver.o)
                0x0000000000008e6c                GGS_SetParameter
 .text.GGS_AddService
                0x0000000000008f82       0x2c d:\WorkSpace\Code\Proj\Keygo\code\CH582M\Peripheral\LIB\libCH58xBLE.a(gapgattserver.o)
                0x0000000000008f82                GGS_AddService
 .text.GAP_DeviceInit
                0x0000000000008fae       0xd8 d:\WorkSpace\Code\Proj\Keygo\code\CH582M\Peripheral\LIB\libCH58xBLE.a(gapgattserver.o)
                0x0000000000008fae                GAP_DeviceInit
 .text.gattGetPayload
                0x0000000000009086       0x7e d:\WorkSpace\Code\Proj\Keygo\code\CH582M\Peripheral\LIB\libCH58xBLE.a(gatt.o)
                0x0000000000009086                gattGetPayload
 .text.gattNotifyEvent
                0x0000000000009104       0x84 d:\WorkSpace\Code\Proj\Keygo\code\CH582M\Peripheral\LIB\libCH58xBLE.a(gatt.o)
                0x0000000000009104                gattNotifyEvent
 .text.gattSendFlowCtrlEvt
                0x0000000000009188       0x50 d:\WorkSpace\Code\Proj\Keygo\code\CH582M\Peripheral\LIB\libCH58xBLE.a(gatt.o)
                0x0000000000009188                gattSendFlowCtrlEvt
 .text.gattStartTimer
                0x00000000000091d8        0xc d:\WorkSpace\Code\Proj\Keygo\code\CH582M\Peripheral\LIB\libCH58xBLE.a(gatt.o)
                0x00000000000091d8                gattStartTimer
 .text.gattStopTimer
                0x00000000000091e4       0x32 d:\WorkSpace\Code\Proj\Keygo\code\CH582M\Peripheral\LIB\libCH58xBLE.a(gatt.o)
                0x00000000000091e4                gattStopTimer
 .text.GATT_AppCompletedMsg
                0x0000000000009216       0x30 d:\WorkSpace\Code\Proj\Keygo\code\CH582M\Peripheral\LIB\libCH58xBLE.a(gatt.o)
                0x0000000000009216                GATT_AppCompletedMsg
 .text.GATT_NotifyEvent
                0x0000000000009246       0x56 d:\WorkSpace\Code\Proj\Keygo\code\CH582M\Peripheral\LIB\libCH58xBLE.a(gatt.o)
                0x0000000000009246                GATT_NotifyEvent
 .text.gattRegisterServer
                0x000000000000929c        0x6 d:\WorkSpace\Code\Proj\Keygo\code\CH582M\Peripheral\LIB\libCH58xBLE.a(gatt.o)
                0x000000000000929c                gattRegisterServer
 .text.GATT_UpdateMTU
                0x00000000000092a2       0x5a d:\WorkSpace\Code\Proj\Keygo\code\CH582M\Peripheral\LIB\libCH58xBLE.a(gatt.o)
                0x00000000000092a2                GATT_UpdateMTU
 .text.GATT_bm_alloc
                0x00000000000092fc       0xe8 d:\WorkSpace\Code\Proj\Keygo\code\CH582M\Peripheral\LIB\libCH58xBLE.a(gatt.o)
                0x00000000000092fc                GATT_bm_alloc
 .text.GATT_ServiceChangedInd
                0x00000000000093e4       0x94 d:\WorkSpace\Code\Proj\Keygo\code\CH582M\Peripheral\LIB\libCH58xBLE.a(gatt.o)
                0x00000000000093e4                GATT_ServiceChangedInd
 .text.GATT_bm_free
                0x0000000000009478       0x1c d:\WorkSpace\Code\Proj\Keygo\code\CH582M\Peripheral\LIB\libCH58xBLE.a(gatt.o)
                0x0000000000009478                GATT_bm_free
 .text.GATT_Init
                0x0000000000009494       0x2a d:\WorkSpace\Code\Proj\Keygo\code\CH582M\Peripheral\LIB\libCH58xBLE.a(gatt.o)
                0x0000000000009494                GATT_Init
 .text.GATT_ProcessEvent
                0x00000000000094be      0x13a d:\WorkSpace\Code\Proj\Keygo\code\CH582M\Peripheral\LIB\libCH58xBLE.a(gatt.o)
                0x00000000000094be                GATT_ProcessEvent
 .text.gattProcessExchangeMTUReq
                0x00000000000095f8        0x4 d:\WorkSpace\Code\Proj\Keygo\code\CH582M\Peripheral\LIB\libCH58xBLE.a(gattservapp.o)
 .text.gattServApp_FindCharCfgItem
                0x00000000000095fc       0x24 d:\WorkSpace\Code\Proj\Keygo\code\CH582M\Peripheral\LIB\libCH58xBLE.a(gattservapp.o)
 .text.gattServerHandleTimerCB
                0x0000000000009620       0x3c d:\WorkSpace\Code\Proj\Keygo\code\CH582M\Peripheral\LIB\libCH58xBLE.a(gattservapp.o)
 .text.GATTServApp_InitCharCfg.part.12
                0x000000000000965c       0x20 d:\WorkSpace\Code\Proj\Keygo\code\CH582M\Peripheral\LIB\libCH58xBLE.a(gattservapp.o)
 .text.gattProcessExecuteWriteReq
                0x000000000000967c        0x4 d:\WorkSpace\Code\Proj\Keygo\code\CH582M\Peripheral\LIB\libCH58xBLE.a(gattservapp.o)
 .text.GATTServApp_ParamInit
                0x0000000000009680       0xd6 d:\WorkSpace\Code\Proj\Keygo\code\CH582M\Peripheral\LIB\libCH58xBLE.a(gattservapp.o)
                0x0000000000009680                GATTServApp_ParamInit
 .text.GATTServApp_ReadCharCfg
                0x0000000000009756       0x18 d:\WorkSpace\Code\Proj\Keygo\code\CH582M\Peripheral\LIB\libCH58xBLE.a(gattservapp.o)
                0x0000000000009756                GATTServApp_ReadCharCfg
 .text.GATTServApp_WriteCharCfg
                0x000000000000976e       0x3c d:\WorkSpace\Code\Proj\Keygo\code\CH582M\Peripheral\LIB\libCH58xBLE.a(gattservapp.o)
                0x000000000000976e                GATTServApp_WriteCharCfg
 .text.GATTServApp_ProcessCCCWriteReq
                0x00000000000097aa       0x60 d:\WorkSpace\Code\Proj\Keygo\code\CH582M\Peripheral\LIB\libCH58xBLE.a(gattservapp.o)
                0x00000000000097aa                GATTServApp_ProcessCCCWriteReq
 .text.gattServApp_WriteAttrCB
                0x000000000000980a       0x34 d:\WorkSpace\Code\Proj\Keygo\code\CH582M\Peripheral\LIB\libCH58xBLE.a(gattservapp.o)
                0x000000000000980a                gattServApp_WriteAttrCB
 .text.GATTServApp_SendCCCUpdatedEvent
                0x000000000000983e       0x5e d:\WorkSpace\Code\Proj\Keygo\code\CH582M\Peripheral\LIB\libCH58xBLE.a(gattservapp.o)
                0x000000000000983e                GATTServApp_SendCCCUpdatedEvent
 .text.GATTServApp_SendServiceChangedInd
                0x000000000000989c       0x36 d:\WorkSpace\Code\Proj\Keygo\code\CH582M\Peripheral\LIB\libCH58xBLE.a(gattservapp.o)
                0x000000000000989c                GATTServApp_SendServiceChangedInd
 .text.gattServApp_ClearPrepareWriteQ
                0x00000000000098d2       0x50 d:\WorkSpace\Code\Proj\Keygo\code\CH582M\Peripheral\LIB\libCH58xBLE.a(gattservapp.o)
                0x00000000000098d2                gattServApp_ClearPrepareWriteQ
 .text.gattServApp_FindPrepareWriteQ
                0x0000000000009922       0x30 d:\WorkSpace\Code\Proj\Keygo\code\CH582M\Peripheral\LIB\libCH58xBLE.a(gattservapp.o)
                0x0000000000009922                gattServApp_FindPrepareWriteQ
 .text.gattServApp_FindServiceCBs
                0x0000000000009952       0x18 d:\WorkSpace\Code\Proj\Keygo\code\CH582M\Peripheral\LIB\libCH58xBLE.a(gattservapp.o)
                0x0000000000009952                gattServApp_FindServiceCBs
 .text.gattServApp_FindAuthorizeAttrCB
                0x000000000000996a       0x14 d:\WorkSpace\Code\Proj\Keygo\code\CH582M\Peripheral\LIB\libCH58xBLE.a(gattservapp.o)
                0x000000000000996a                gattServApp_FindAuthorizeAttrCB
 .text.gattServApp_IsWriteLong
                0x000000000000997e       0xea d:\WorkSpace\Code\Proj\Keygo\code\CH582M\Peripheral\LIB\libCH58xBLE.a(gattservapp.o)
                0x000000000000997e                gattServApp_IsWriteLong
 .text.gattFindService
                0x0000000000009a68       0x1c d:\WorkSpace\Code\Proj\Keygo\code\CH582M\Peripheral\LIB\libCH58xBLE.a(gattservapp.o)
                0x0000000000009a68                gattFindService
 .text.GATT_ServiceNumAttrs
                0x0000000000009a84       0x16 d:\WorkSpace\Code\Proj\Keygo\code\CH582M\Peripheral\LIB\libCH58xBLE.a(gattservapp.o)
                0x0000000000009a84                GATT_ServiceNumAttrs
 .text.GATT_ServiceEncKeySize
                0x0000000000009a9a       0x18 d:\WorkSpace\Code\Proj\Keygo\code\CH582M\Peripheral\LIB\libCH58xBLE.a(gattservapp.o)
                0x0000000000009a9a                GATT_ServiceEncKeySize
 .text.GATT_VerifyWritePermissions.part.7
                0x0000000000009ab2       0x2c d:\WorkSpace\Code\Proj\Keygo\code\CH582M\Peripheral\LIB\libCH58xBLE.a(gattservapp.o)
 .text.gattResetServerInfo
                0x0000000000009ade       0x1c d:\WorkSpace\Code\Proj\Keygo\code\CH582M\Peripheral\LIB\libCH58xBLE.a(gattservapp.o)
                0x0000000000009ade                gattResetServerInfo
 .text.gattFindServerInfo
                0x0000000000009afa       0x2c d:\WorkSpace\Code\Proj\Keygo\code\CH582M\Peripheral\LIB\libCH58xBLE.a(gattservapp.o)
                0x0000000000009afa                gattFindServerInfo
 .text.gattServerHandleConnStatusCB
                0x0000000000009b26       0x98 d:\WorkSpace\Code\Proj\Keygo\code\CH582M\Peripheral\LIB\libCH58xBLE.a(gattservapp.o)
                0x0000000000009b26                gattServerHandleConnStatusCB
 .text.gattServerProcessMsgCB
                0x0000000000009bbe      0x1c0 d:\WorkSpace\Code\Proj\Keygo\code\CH582M\Peripheral\LIB\libCH58xBLE.a(gattservapp.o)
                0x0000000000009bbe                gattServerProcessMsgCB
 .text.gattServerNotifyTxCB
                0x0000000000009d7e       0x28 d:\WorkSpace\Code\Proj\Keygo\code\CH582M\Peripheral\LIB\libCH58xBLE.a(gattservapp.o)
 .text.GATT_FindHandle
                0x0000000000009da6       0x4a d:\WorkSpace\Code\Proj\Keygo\code\CH582M\Peripheral\LIB\libCH58xBLE.a(gattservapp.o)
                0x0000000000009da6                GATT_FindHandle
 .text.GATTServApp_WriteAttr
                0x0000000000009df0       0xa8 d:\WorkSpace\Code\Proj\Keygo\code\CH582M\Peripheral\LIB\libCH58xBLE.a(gattservapp.o)
                0x0000000000009df0                GATTServApp_WriteAttr
 .text.gattServApp_ProcessExecuteWriteReq
                0x0000000000009e98      0x100 d:\WorkSpace\Code\Proj\Keygo\code\CH582M\Peripheral\LIB\libCH58xBLE.a(gattservapp.o)
                0x0000000000009e98                gattServApp_ProcessExecuteWriteReq
 .text.GATTServApp_UpdateCharCfg
                0x0000000000009f98       0x1e d:\WorkSpace\Code\Proj\Keygo\code\CH582M\Peripheral\LIB\libCH58xBLE.a(gattservapp.o)
                0x0000000000009f98                GATTServApp_UpdateCharCfg
 .text.gattServApp_ProcessPrepareWriteReq
                0x0000000000009fb6      0x10e d:\WorkSpace\Code\Proj\Keygo\code\CH582M\Peripheral\LIB\libCH58xBLE.a(gattservapp.o)
                0x0000000000009fb6                gattServApp_ProcessPrepareWriteReq
 .text.gattServApp_ProcessWriteReq
                0x000000000000a0c4       0xb0 d:\WorkSpace\Code\Proj\Keygo\code\CH582M\Peripheral\LIB\libCH58xBLE.a(gattservapp.o)
                0x000000000000a0c4                gattServApp_ProcessWriteReq
 .text.GATT_Indication
                0x000000000000a174       0xa4 d:\WorkSpace\Code\Proj\Keygo\code\CH582M\Peripheral\LIB\libCH58xBLE.a(gattservapp.o)
                0x000000000000a174                GATT_Indication
 .text.GATT_FindHandleUUID
                0x000000000000a218       0x94 d:\WorkSpace\Code\Proj\Keygo\code\CH582M\Peripheral\LIB\libCH58xBLE.a(gattservapp.o)
                0x000000000000a218                GATT_FindHandleUUID
 .text.gattProcessReadByGrpTypeReq
                0x000000000000a2ac       0x60 d:\WorkSpace\Code\Proj\Keygo\code\CH582M\Peripheral\LIB\libCH58xBLE.a(gattservapp.o)
 .text.gattProcessReadByTypeReq
                0x000000000000a30c       0x34 d:\WorkSpace\Code\Proj\Keygo\code\CH582M\Peripheral\LIB\libCH58xBLE.a(gattservapp.o)
 .text.gattProcessFindByTypeValueReq
                0x000000000000a340       0x34 d:\WorkSpace\Code\Proj\Keygo\code\CH582M\Peripheral\LIB\libCH58xBLE.a(gattservapp.o)
 .text.gattProcessFindInfoReq
                0x000000000000a374      0x1aa d:\WorkSpace\Code\Proj\Keygo\code\CH582M\Peripheral\LIB\libCH58xBLE.a(gattservapp.o)
 .text.GATT_Notification
                0x000000000000a51e       0x70 d:\WorkSpace\Code\Proj\Keygo\code\CH582M\Peripheral\LIB\libCH58xBLE.a(gattservapp.o)
                0x000000000000a51e                GATT_Notification
 .text.GATT_VerifyWritePermissions
                0x000000000000a58e       0x6a d:\WorkSpace\Code\Proj\Keygo\code\CH582M\Peripheral\LIB\libCH58xBLE.a(gattservapp.o)
                0x000000000000a58e                GATT_VerifyWritePermissions
 .text.gattProcessWriteReq
                0x000000000000a5f8       0x36 d:\WorkSpace\Code\Proj\Keygo\code\CH582M\Peripheral\LIB\libCH58xBLE.a(gattservapp.o)
 .text.GATT_VerifyPrepareWritePermissions
                0x000000000000a62e       0x56 d:\WorkSpace\Code\Proj\Keygo\code\CH582M\Peripheral\LIB\libCH58xBLE.a(gattservapp.o)
                0x000000000000a62e                GATT_VerifyPrepareWritePermissions
 .text.gattProcessPrepareWriteReq
                0x000000000000a684       0x36 d:\WorkSpace\Code\Proj\Keygo\code\CH582M\Peripheral\LIB\libCH58xBLE.a(gattservapp.o)
 .text.GATT_FindNextAttr
                0x000000000000a6ba       0xc2 d:\WorkSpace\Code\Proj\Keygo\code\CH582M\Peripheral\LIB\libCH58xBLE.a(gattservapp.o)
                0x000000000000a6ba                GATT_FindNextAttr
 .text.GATTServApp_ReadAttr
                0x000000000000a77c      0x2ea d:\WorkSpace\Code\Proj\Keygo\code\CH582M\Peripheral\LIB\libCH58xBLE.a(gattservapp.o)
                0x000000000000a77c                GATTServApp_ReadAttr
 .text.gattServApp_ProcessReadMultiReq
                0x000000000000aa66      0x16e d:\WorkSpace\Code\Proj\Keygo\code\CH582M\Peripheral\LIB\libCH58xBLE.a(gattservapp.o)
                0x000000000000aa66                gattServApp_ProcessReadMultiReq
 .text.gattServApp_ProcessFindByTypeValueReq
                0x000000000000abd4      0x1a0 d:\WorkSpace\Code\Proj\Keygo\code\CH582M\Peripheral\LIB\libCH58xBLE.a(gattservapp.o)
                0x000000000000abd4                gattServApp_ProcessFindByTypeValueReq
 .text.GATT_VerifyReadPermissions
                0x000000000000ad74       0x68 d:\WorkSpace\Code\Proj\Keygo\code\CH582M\Peripheral\LIB\libCH58xBLE.a(gattservapp.o)
                0x000000000000ad74                GATT_VerifyReadPermissions
 .text.gattProcessReadMultiReq
                0x000000000000addc       0xae d:\WorkSpace\Code\Proj\Keygo\code\CH582M\Peripheral\LIB\libCH58xBLE.a(gattservapp.o)
 .text.gattProcessReadReq
                0x000000000000ae8a       0x30 d:\WorkSpace\Code\Proj\Keygo\code\CH582M\Peripheral\LIB\libCH58xBLE.a(gattservapp.o)
 .text.gattServApp_ProcessReadByGrpTypeReq
                0x000000000000aeba      0x200 d:\WorkSpace\Code\Proj\Keygo\code\CH582M\Peripheral\LIB\libCH58xBLE.a(gattservapp.o)
                0x000000000000aeba                gattServApp_ProcessReadByGrpTypeReq
 .text.gattServApp_ProcessReadByTypeReq
                0x000000000000b0ba      0x1ae d:\WorkSpace\Code\Proj\Keygo\code\CH582M\Peripheral\LIB\libCH58xBLE.a(gattservapp.o)
                0x000000000000b0ba                gattServApp_ProcessReadByTypeReq
 .text.GATT_RegisterService
                0x000000000000b268      0x100 d:\WorkSpace\Code\Proj\Keygo\code\CH582M\Peripheral\LIB\libCH58xBLE.a(gattservapp.o)
                0x000000000000b268                GATT_RegisterService
 .text.GATTServApp_RegisterService
                0x000000000000b368       0x7c d:\WorkSpace\Code\Proj\Keygo\code\CH582M\Peripheral\LIB\libCH58xBLE.a(gattservapp.o)
                0x000000000000b368                GATTServApp_RegisterService
 .text.GATTServApp_AddService
                0x000000000000b3e4       0x2c d:\WorkSpace\Code\Proj\Keygo\code\CH582M\Peripheral\LIB\libCH58xBLE.a(gattservapp.o)
                0x000000000000b3e4                GATTServApp_AddService
 .text.GATTServApp_RegisterForMsg
                0x000000000000b410        0x6 d:\WorkSpace\Code\Proj\Keygo\code\CH582M\Peripheral\LIB\libCH58xBLE.a(gattservapp.o)
                0x000000000000b410                GATTServApp_RegisterForMsg
 .text.GATTServApp_InitCharCfg
                0x000000000000b416       0x28 d:\WorkSpace\Code\Proj\Keygo\code\CH582M\Peripheral\LIB\libCH58xBLE.a(gattservapp.o)
                0x000000000000b416                GATTServApp_InitCharCfg
 .text.gattServApp_HandleConnStatusCB
                0x000000000000b43e       0x74 d:\WorkSpace\Code\Proj\Keygo\code\CH582M\Peripheral\LIB\libCH58xBLE.a(gattservapp.o)
                0x000000000000b43e                gattServApp_HandleConnStatusCB
 .text.GATT_InitServer
                0x000000000000b4b2       0xfa d:\WorkSpace\Code\Proj\Keygo\code\CH582M\Peripheral\LIB\libCH58xBLE.a(gattservapp.o)
                0x000000000000b4b2                GATT_InitServer
 .text.GATTServApp_Init
                0x000000000000b5ac       0x34 d:\WorkSpace\Code\Proj\Keygo\code\CH582M\Peripheral\LIB\libCH58xBLE.a(gattservapp.o)
                0x000000000000b5ac                GATTServApp_Init
 .text.GATTServApp_ProcessEvent
                0x000000000000b5e0      0x36a d:\WorkSpace\Code\Proj\Keygo\code\CH582M\Peripheral\LIB\libCH58xBLE.a(gattservapp.o)
                0x000000000000b5e0                GATTServApp_ProcessEvent
 .text.l2capAllocConnChannel
                0x000000000000b94a       0xdc d:\WorkSpace\Code\Proj\Keygo\code\CH582M\Peripheral\LIB\libCH58xBLE.a(l2cap.o)
                0x000000000000b94a                l2capAllocConnChannel
 .text.l2capFindLocalCID
                0x000000000000ba26       0x2c d:\WorkSpace\Code\Proj\Keygo\code\CH582M\Peripheral\LIB\libCH58xBLE.a(l2cap.o)
                0x000000000000ba26                l2capFindLocalCID
 .text.l2capFindLocalId
                0x000000000000ba52       0x30 d:\WorkSpace\Code\Proj\Keygo\code\CH582M\Peripheral\LIB\libCH58xBLE.a(l2cap.o)
                0x000000000000ba52                l2capFindLocalId
 .text.l2capFindPsm
                0x000000000000ba82       0x2c d:\WorkSpace\Code\Proj\Keygo\code\CH582M\Peripheral\LIB\libCH58xBLE.a(l2cap.o)
                0x000000000000ba82                l2capFindPsm
 .text.l2capFindRemoteCID
                0x000000000000baae       0x3c d:\WorkSpace\Code\Proj\Keygo\code\CH582M\Peripheral\LIB\libCH58xBLE.a(l2cap.o)
                0x000000000000baae                l2capFindRemoteCID
 .text.l2capFreeChannel
                0x000000000000baea       0x4e d:\WorkSpace\Code\Proj\Keygo\code\CH582M\Peripheral\LIB\libCH58xBLE.a(l2cap.o)
                0x000000000000baea                l2capFreeChannel
 .text.l2capDisconnectChannel
                0x000000000000bb38       0x28 d:\WorkSpace\Code\Proj\Keygo\code\CH582M\Peripheral\LIB\libCH58xBLE.a(l2cap.o)
                0x000000000000bb38                l2capDisconnectChannel
 .text.l2capHandleTimerCB
                0x000000000000bb60       0x2c d:\WorkSpace\Code\Proj\Keygo\code\CH582M\Peripheral\LIB\libCH58xBLE.a(l2cap.o)
                0x000000000000bb60                l2capHandleTimerCB
 .text.l2capFreePendingPkt
                0x000000000000bb8c       0x58 d:\WorkSpace\Code\Proj\Keygo\code\CH582M\Peripheral\LIB\libCH58xBLE.a(l2cap.o)
                0x000000000000bb8c                l2capFreePendingPkt
 .text.l2capGetCoChannelInfo
                0x000000000000bbe4       0x82 d:\WorkSpace\Code\Proj\Keygo\code\CH582M\Peripheral\LIB\libCH58xBLE.a(l2cap.o)
                0x000000000000bbe4                l2capGetCoChannelInfo
 .text.l2capNumActiveChannnels
                0x000000000000bc66       0x44 d:\WorkSpace\Code\Proj\Keygo\code\CH582M\Peripheral\LIB\libCH58xBLE.a(l2cap.o)
                0x000000000000bc66                l2capNumActiveChannnels
 .text.l2capStartTimer
                0x000000000000bcaa       0x1a d:\WorkSpace\Code\Proj\Keygo\code\CH582M\Peripheral\LIB\libCH58xBLE.a(l2cap.o)
                0x000000000000bcaa                l2capStartTimer
 .text.l2capStopTimer
                0x000000000000bcc4       0x1e d:\WorkSpace\Code\Proj\Keygo\code\CH582M\Peripheral\LIB\libCH58xBLE.a(l2cap.o)
                0x000000000000bcc4                l2capStopTimer
 .text.l2capDisconnectAllChannels
                0x000000000000bce2       0xdc d:\WorkSpace\Code\Proj\Keygo\code\CH582M\Peripheral\LIB\libCH58xBLE.a(l2cap.o)
                0x000000000000bce2                l2capDisconnectAllChannels
 .text.l2capHandleConnStatusCB
                0x000000000000bdbe       0x3c d:\WorkSpace\Code\Proj\Keygo\code\CH582M\Peripheral\LIB\libCH58xBLE.a(l2cap.o)
                0x000000000000bdbe                l2capHandleConnStatusCB
 .text.l2capHandleRxError
                0x000000000000bdfa        0x6 d:\WorkSpace\Code\Proj\Keygo\code\CH582M\Peripheral\LIB\libCH58xBLE.a(l2cap.o)
                0x000000000000bdfa                l2capHandleRxError
 .text.L2CAP_GetMTU
                0x000000000000be00        0x6 d:\WorkSpace\Code\Proj\Keygo\code\CH582M\Peripheral\LIB\libCH58xBLE.a(l2cap.o)
                0x000000000000be00                L2CAP_GetMTU
 .text.L2CAP_HostNumCompletedPkts
                0x000000000000be06       0x28 d:\WorkSpace\Code\Proj\Keygo\code\CH582M\Peripheral\LIB\libCH58xBLE.a(l2cap.o)
                0x000000000000be06                L2CAP_HostNumCompletedPkts
 .text.L2CAP_ParseConnectReq
                0x000000000000be2e       0x5e d:\WorkSpace\Code\Proj\Keygo\code\CH582M\Peripheral\LIB\libCH58xBLE.a(l2cap.o)
                0x000000000000be2e                L2CAP_ParseConnectReq
 .text.L2CAP_ParseFlowCtrlCredit
                0x000000000000be8c       0x2e d:\WorkSpace\Code\Proj\Keygo\code\CH582M\Peripheral\LIB\libCH58xBLE.a(l2cap.o)
                0x000000000000be8c                L2CAP_ParseFlowCtrlCredit
 .text.L2CAP_RegisterApp
                0x000000000000beba       0x30 d:\WorkSpace\Code\Proj\Keygo\code\CH582M\Peripheral\LIB\libCH58xBLE.a(l2cap.o)
                0x000000000000beba                L2CAP_RegisterApp
 .text.L2CAP_SetBufSize
                0x000000000000beea       0x1e d:\WorkSpace\Code\Proj\Keygo\code\CH582M\Peripheral\LIB\libCH58xBLE.a(l2cap.o)
                0x000000000000beea                L2CAP_SetBufSize
 .text.L2CAP_bm_alloc
                0x000000000000bf08       0x2a d:\WorkSpace\Code\Proj\Keygo\code\CH582M\Peripheral\LIB\libCH58xBLE.a(l2cap.o)
                0x000000000000bf08                L2CAP_bm_alloc
 .text.L2CAP_Init
                0x000000000000bf32      0x142 d:\WorkSpace\Code\Proj\Keygo\code\CH582M\Peripheral\LIB\libCH58xBLE.a(l2cap.o)
                0x000000000000bf32                L2CAP_Init
 .text.L2CAP_ProcessEvent
                0x000000000000c074       0xc8 d:\WorkSpace\Code\Proj\Keygo\code\CH582M\Peripheral\LIB\libCH58xBLE.a(l2cap.o)
                0x000000000000c074                L2CAP_ProcessEvent
 .text.l2capParseCmdReject
                0x000000000000c13c       0x5e d:\WorkSpace\Code\Proj\Keygo\code\CH582M\Peripheral\LIB\libCH58xBLE.a(l2cap_input.o)
                0x000000000000c13c                l2capParseCmdReject
 .text.l2capParseDisconnectReq
                0x000000000000c19a       0x2e d:\WorkSpace\Code\Proj\Keygo\code\CH582M\Peripheral\LIB\libCH58xBLE.a(l2cap_input.o)
                0x000000000000c19a                l2capParseDisconnectReq
 .text.l2capParseDisconnectRsp
                0x000000000000c1c8       0x2e d:\WorkSpace\Code\Proj\Keygo\code\CH582M\Peripheral\LIB\libCH58xBLE.a(l2cap_input.o)
                0x000000000000c1c8                l2capParseDisconnectRsp
 .text.L2CAP_ParseParamUpdateReq
                0x000000000000c1f6       0x4e d:\WorkSpace\Code\Proj\Keygo\code\CH582M\Peripheral\LIB\libCH58xBLE.a(l2cap_input.o)
                0x000000000000c1f6                L2CAP_ParseParamUpdateReq
 .text.l2capParseParamUpdateRsp
                0x000000000000c244       0x1e d:\WorkSpace\Code\Proj\Keygo\code\CH582M\Peripheral\LIB\libCH58xBLE.a(l2cap_input.o)
                0x000000000000c244                l2capParseParamUpdateRsp
 .text.l2capProcessConnectReq
                0x000000000000c262       0xfc d:\WorkSpace\Code\Proj\Keygo\code\CH582M\Peripheral\LIB\libCH58xBLE.a(l2cap_input.o)
                0x000000000000c262                l2capProcessConnectReq
 .text.l2capParseConnectRsp
                0x000000000000c35e       0x5e d:\WorkSpace\Code\Proj\Keygo\code\CH582M\Peripheral\LIB\libCH58xBLE.a(l2cap_input.o)
                0x000000000000c35e                l2capParseConnectRsp
 .text.l2capParseSignalHdr
                0x000000000000c3bc       0x22 d:\WorkSpace\Code\Proj\Keygo\code\CH582M\Peripheral\LIB\libCH58xBLE.a(l2cap_input.o)
                0x000000000000c3bc                l2capParseSignalHdr
 .text.l2capParsePacket
                0x000000000000c3de       0x8c d:\WorkSpace\Code\Proj\Keygo\code\CH582M\Peripheral\LIB\libCH58xBLE.a(l2cap_input.o)
                0x000000000000c3de                l2capParsePacket
 .text.l2capProcessReq
                0x000000000000c46a      0x15a d:\WorkSpace\Code\Proj\Keygo\code\CH582M\Peripheral\LIB\libCH58xBLE.a(l2cap_input.o)
                0x000000000000c46a                l2capProcessReq
 .text.l2capProcessRsp
                0x000000000000c5c4      0x150 d:\WorkSpace\Code\Proj\Keygo\code\CH582M\Peripheral\LIB\libCH58xBLE.a(l2cap_input.o)
                0x000000000000c5c4                l2capProcessRsp
 .text.l2capProcessRxData
                0x000000000000c714       0xf8 d:\WorkSpace\Code\Proj\Keygo\code\CH582M\Peripheral\LIB\libCH58xBLE.a(l2cap_input.o)
                0x000000000000c714                l2capProcessRxData
 .text.l2capNotifyData
                0x000000000000c80c       0x5e d:\WorkSpace\Code\Proj\Keygo\code\CH582M\Peripheral\LIB\libCH58xBLE.a(l2cap_output.o)
                0x000000000000c80c                l2capNotifyData
 .text.l2capNotifySignal
                0x000000000000c86a       0x7a d:\WorkSpace\Code\Proj\Keygo\code\CH582M\Peripheral\LIB\libCH58xBLE.a(l2cap_output.o)
                0x000000000000c86a                l2capNotifySignal
 .text.l2capNotifyCreditEvt
                0x000000000000c8e4       0xa0 d:\WorkSpace\Code\Proj\Keygo\code\CH582M\Peripheral\LIB\libCH58xBLE.a(l2cap_output.o)
                0x000000000000c8e4                l2capNotifyCreditEvt
 .text.l2capNotifyChannelEstEvt
                0x000000000000c984       0x5c d:\WorkSpace\Code\Proj\Keygo\code\CH582M\Peripheral\LIB\libCH58xBLE.a(l2cap_output.o)
                0x000000000000c984                l2capNotifyChannelEstEvt
 .text.l2capNotifyChannelTermEvt
                0x000000000000c9e0       0x3e d:\WorkSpace\Code\Proj\Keygo\code\CH582M\Peripheral\LIB\libCH58xBLE.a(l2cap_output.o)
                0x000000000000c9e0                l2capNotifyChannelTermEvt
 .text.l2capNotifyEvent
                0x000000000000ca1e       0x66 d:\WorkSpace\Code\Proj\Keygo\code\CH582M\Peripheral\LIB\libCH58xBLE.a(l2cap_output.o)
                0x000000000000ca1e                l2capNotifyEvent
 .text.l2capStoreFCPkt
                0x000000000000ca84       0x32 d:\WorkSpace\Code\Proj\Keygo\code\CH582M\Peripheral\LIB\libCH58xBLE.a(l2cap_output.o)
                0x000000000000ca84                l2capStoreFCPkt
 .text.l2capFreeTxSDU
                0x000000000000cab6       0x9e d:\WorkSpace\Code\Proj\Keygo\code\CH582M\Peripheral\LIB\libCH58xBLE.a(l2cap_output.o)
                0x000000000000cab6                l2capFreeTxSDU
 .text.l2capReassembleSegment
                0x000000000000cb54      0x174 d:\WorkSpace\Code\Proj\Keygo\code\CH582M\Peripheral\LIB\libCH58xBLE.a(l2cap_output.o)
                0x000000000000cb54                l2capReassembleSegment
 .text.l2capEncapSendData
                0x000000000000ccc8       0xec d:\WorkSpace\Code\Proj\Keygo\code\CH582M\Peripheral\LIB\libCH58xBLE.a(l2cap_output.o)
                0x000000000000ccc8                l2capEncapSendData
 .text.l2capSendFCPkt.part.3
                0x000000000000cdb4       0x70 d:\WorkSpace\Code\Proj\Keygo\code\CH582M\Peripheral\LIB\libCH58xBLE.a(l2cap_output.o)
 .text.l2capSendSegment
                0x000000000000ce24      0x108 d:\WorkSpace\Code\Proj\Keygo\code\CH582M\Peripheral\LIB\libCH58xBLE.a(l2cap_output.o)
                0x000000000000ce24                l2capSendSegment
 .text.l2capSendNextSegment
                0x000000000000cf2c       0xb4 d:\WorkSpace\Code\Proj\Keygo\code\CH582M\Peripheral\LIB\libCH58xBLE.a(l2cap_output.o)
                0x000000000000cf2c                l2capSendNextSegment
 .text.l2capSendPkt
                0x000000000000cfe0       0x3a d:\WorkSpace\Code\Proj\Keygo\code\CH582M\Peripheral\LIB\libCH58xBLE.a(l2cap_output.o)
                0x000000000000cfe0                l2capSendPkt
 .text.L2CAP_SendData
                0x000000000000d01a       0x82 d:\WorkSpace\Code\Proj\Keygo\code\CH582M\Peripheral\LIB\libCH58xBLE.a(l2cap_output.o)
                0x000000000000d01a                L2CAP_SendData
 .text.l2capSendCmd
                0x000000000000d09c       0x8a d:\WorkSpace\Code\Proj\Keygo\code\CH582M\Peripheral\LIB\libCH58xBLE.a(l2cap_output.o)
                0x000000000000d09c                l2capSendCmd
 .text.l2capSendReq
                0x000000000000d126       0xbc d:\WorkSpace\Code\Proj\Keygo\code\CH582M\Peripheral\LIB\libCH58xBLE.a(l2cap_output.o)
                0x000000000000d126                l2capSendReq
 .text.l2capBuildDisconnectReq
                0x000000000000d1e2       0x28 d:\WorkSpace\Code\Proj\Keygo\code\CH582M\Peripheral\LIB\libCH58xBLE.a(l2cap_sdu.o)
 .text.l2capBuildParamUpdateReq
                0x000000000000d20a       0x4c d:\WorkSpace\Code\Proj\Keygo\code\CH582M\Peripheral\LIB\libCH58xBLE.a(l2cap_sdu.o)
 .text.l2capBuildParamUpdateRsp
                0x000000000000d256       0x16 d:\WorkSpace\Code\Proj\Keygo\code\CH582M\Peripheral\LIB\libCH58xBLE.a(l2cap_sdu.o)
 .text.l2capBuildConnectRsp
                0x000000000000d26c       0x5e d:\WorkSpace\Code\Proj\Keygo\code\CH582M\Peripheral\LIB\libCH58xBLE.a(l2cap_sdu.o)
 .text.l2capBuildCmdReject
                0x000000000000d2ca       0x62 d:\WorkSpace\Code\Proj\Keygo\code\CH582M\Peripheral\LIB\libCH58xBLE.a(l2cap_sdu.o)
                0x000000000000d2ca                l2capBuildCmdReject
 .text.l2capBuildDisconnectRsp
                0x000000000000d32c       0x28 d:\WorkSpace\Code\Proj\Keygo\code\CH582M\Peripheral\LIB\libCH58xBLE.a(l2cap_sdu.o)
                0x000000000000d32c                l2capBuildDisconnectRsp
 .text.l2capSendConnectRsp
                0x000000000000d354       0xa6 d:\WorkSpace\Code\Proj\Keygo\code\CH582M\Peripheral\LIB\libCH58xBLE.a(l2cap_sdu.o)
                0x000000000000d354                l2capSendConnectRsp
 .text.L2CAP_CmdReject
                0x000000000000d3fa       0x12 d:\WorkSpace\Code\Proj\Keygo\code\CH582M\Peripheral\LIB\libCH58xBLE.a(l2cap_sdu.o)
                0x000000000000d3fa                L2CAP_CmdReject
 .text.L2CAP_DisconnectReq
                0x000000000000d40c       0x2a d:\WorkSpace\Code\Proj\Keygo\code\CH582M\Peripheral\LIB\libCH58xBLE.a(l2cap_sdu.o)
                0x000000000000d40c                L2CAP_DisconnectReq
 .text.L2CAP_ConnParamUpdateReq
                0x000000000000d436       0x16 d:\WorkSpace\Code\Proj\Keygo\code\CH582M\Peripheral\LIB\libCH58xBLE.a(l2cap_sdu.o)
                0x000000000000d436                L2CAP_ConnParamUpdateReq
 .text.L2CAP_ConnParamUpdateRsp
                0x000000000000d44c       0x12 d:\WorkSpace\Code\Proj\Keygo\code\CH582M\Peripheral\LIB\libCH58xBLE.a(l2cap_sdu.o)
                0x000000000000d44c                L2CAP_ConnParamUpdateRsp
 .text.reportStatusChange
                0x000000000000d45e       0x3e d:\WorkSpace\Code\Proj\Keygo\code\CH582M\Peripheral\LIB\libCH58xBLE.a(linkdb.o)
 .text.linkDB_Init
                0x000000000000d49c       0xa0 d:\WorkSpace\Code\Proj\Keygo\code\CH582M\Peripheral\LIB\libCH58xBLE.a(linkdb.o)
                0x000000000000d49c                linkDB_Init
 .text.linkDB_Find
                0x000000000000d53c       0x30 d:\WorkSpace\Code\Proj\Keygo\code\CH582M\Peripheral\LIB\libCH58xBLE.a(linkdb.o)
                0x000000000000d53c                linkDB_Find
 .text.linkDB_Authen
                0x000000000000d56c       0x5c d:\WorkSpace\Code\Proj\Keygo\code\CH582M\Peripheral\LIB\libCH58xBLE.a(linkdb.o)
                0x000000000000d56c                linkDB_Authen
 .text.linkDB_FindByAddr
                0x000000000000d5c8       0x7e d:\WorkSpace\Code\Proj\Keygo\code\CH582M\Peripheral\LIB\libCH58xBLE.a(linkdb.o)
                0x000000000000d5c8                linkDB_FindByAddr
 .text.linkDB_FindFirst
                0x000000000000d646       0x3c d:\WorkSpace\Code\Proj\Keygo\code\CH582M\Peripheral\LIB\libCH58xBLE.a(linkdb.o)
                0x000000000000d646                linkDB_FindFirst
 .text.linkDB_MTU
                0x000000000000d682       0x18 d:\WorkSpace\Code\Proj\Keygo\code\CH582M\Peripheral\LIB\libCH58xBLE.a(linkdb.o)
                0x000000000000d682                linkDB_MTU
 .text.linkDB_NumActive
                0x000000000000d69a       0x32 d:\WorkSpace\Code\Proj\Keygo\code\CH582M\Peripheral\LIB\libCH58xBLE.a(linkdb.o)
                0x000000000000d69a                linkDB_NumActive
 .text.linkDB_NumConns
                0x000000000000d6cc        0xa d:\WorkSpace\Code\Proj\Keygo\code\CH582M\Peripheral\LIB\libCH58xBLE.a(linkdb.o)
                0x000000000000d6cc                linkDB_NumConns
 .text.linkDB_Register
                0x000000000000d6d6       0x28 d:\WorkSpace\Code\Proj\Keygo\code\CH582M\Peripheral\LIB\libCH58xBLE.a(linkdb.o)
                0x000000000000d6d6                linkDB_Register
 .text.linkDB_Remove
                0x000000000000d6fe       0x4c d:\WorkSpace\Code\Proj\Keygo\code\CH582M\Peripheral\LIB\libCH58xBLE.a(linkdb.o)
                0x000000000000d6fe                linkDB_Remove
 .text.linkDB_Role
                0x000000000000d74a       0x18 d:\WorkSpace\Code\Proj\Keygo\code\CH582M\Peripheral\LIB\libCH58xBLE.a(linkdb.o)
                0x000000000000d74a                linkDB_Role
 .text.linkDB_State
                0x000000000000d762       0x30 d:\WorkSpace\Code\Proj\Keygo\code\CH582M\Peripheral\LIB\libCH58xBLE.a(linkdb.o)
                0x000000000000d762                linkDB_State
 .text.linkDB_UpdateMTU
                0x000000000000d792       0x28 d:\WorkSpace\Code\Proj\Keygo\code\CH582M\Peripheral\LIB\libCH58xBLE.a(linkdb.o)
                0x000000000000d792                linkDB_UpdateMTU
 .text.linkDB_PerformFunc
                0x000000000000d7ba       0x56 d:\WorkSpace\Code\Proj\Keygo\code\CH582M\Peripheral\LIB\libCH58xBLE.a(linkdb.o)
                0x000000000000d7ba                linkDB_PerformFunc
 .text.linkDB_PeripheralLinkNum
                0x000000000000d810       0x42 d:\WorkSpace\Code\Proj\Keygo\code\CH582M\Peripheral\LIB\libCH58xBLE.a(linkdb.o)
                0x000000000000d810                linkDB_PeripheralLinkNum
 .text.linkDB_GetSMEvtID
                0x000000000000d852       0x5c d:\WorkSpace\Code\Proj\Keygo\code\CH582M\Peripheral\LIB\libCH58xBLE.a(linkdb.o)
                0x000000000000d852                linkDB_GetSMEvtID
 .text.linkDB_Add
                0x000000000000d8ae       0xb2 d:\WorkSpace\Code\Proj\Keygo\code\CH582M\Peripheral\LIB\libCH58xBLE.a(linkdb.o)
                0x000000000000d8ae                linkDB_Add
 .text.linkDB_GetHandleFromSMEvtID
                0x000000000000d960       0x36 d:\WorkSpace\Code\Proj\Keygo\code\CH582M\Peripheral\LIB\libCH58xBLE.a(linkdb.o)
                0x000000000000d960                linkDB_GetHandleFromSMEvtID
 .text.linkDB_GetPairingParam
                0x000000000000d996       0x72 d:\WorkSpace\Code\Proj\Keygo\code\CH582M\Peripheral\LIB\libCH58xBLE.a(linkdb.o)
                0x000000000000d996                linkDB_GetPairingParam
 .text.linkDB_NeedSendKey
                0x000000000000da08       0x48 d:\WorkSpace\Code\Proj\Keygo\code\CH582M\Peripheral\LIB\libCH58xBLE.a(linkdb.o)
                0x000000000000da08                linkDB_NeedSendKey
 .text.smStartRspTimer
                0x000000000000da50       0x3a d:\WorkSpace\Code\Proj\Keygo\code\CH582M\Peripheral\LIB\libCH58xBLE.a(sm.o)
 .text.smStartEncryption
                0x000000000000da8a       0xa0 d:\WorkSpace\Code\Proj\Keygo\code\CH582M\Peripheral\LIB\libCH58xBLE.a(sm.o)
 .text.smFreePairingParams
                0x000000000000db2a       0x7e d:\WorkSpace\Code\Proj\Keygo\code\CH582M\Peripheral\LIB\libCH58xBLE.a(sm.o)
                0x000000000000db2a                smFreePairingParams
 .text.smEndPairing
                0x000000000000dba8       0x60 d:\WorkSpace\Code\Proj\Keygo\code\CH582M\Peripheral\LIB\libCH58xBLE.a(sm.o)
                0x000000000000dba8                smEndPairing
 .text.smLinkCheck
                0x000000000000dc08       0x34 d:\WorkSpace\Code\Proj\Keygo\code\CH582M\Peripheral\LIB\libCH58xBLE.a(sm.o)
                0x000000000000dc08                smLinkCheck
 .text.smNextPairingState
                0x000000000000dc3c       0x58 d:\WorkSpace\Code\Proj\Keygo\code\CH582M\Peripheral\LIB\libCH58xBLE.a(sm.o)
                0x000000000000dc3c                smNextPairingState
 .text.smProcessEncryptChange
                0x000000000000dc94       0xf0 d:\WorkSpace\Code\Proj\Keygo\code\CH582M\Peripheral\LIB\libCH58xBLE.a(sm.o)
                0x000000000000dc94                smProcessEncryptChange
 .text.smSendSMMsg
                0x000000000000dd84       0x5c d:\WorkSpace\Code\Proj\Keygo\code\CH582M\Peripheral\LIB\libCH58xBLE.a(sm.o)
                0x000000000000dd84                smSendSMMsg
 .text.smSendFailAndEnd
                0x000000000000dde0       0x38 d:\WorkSpace\Code\Proj\Keygo\code\CH582M\Peripheral\LIB\libCH58xBLE.a(sm.o)
                0x000000000000dde0                smSendFailAndEnd
 .text.smProcessPairingReq
                0x000000000000de18       0x3c d:\WorkSpace\Code\Proj\Keygo\code\CH582M\Peripheral\LIB\libCH58xBLE.a(sm.o)
                0x000000000000de18                smProcessPairingReq
 .text.smSetPairingReqRsp
                0x000000000000de54       0x3c d:\WorkSpace\Code\Proj\Keygo\code\CH582M\Peripheral\LIB\libCH58xBLE.a(sm.o)
                0x000000000000de54                smSetPairingReqRsp
 .text.SM_StartEncryption
                0x000000000000de90       0x16 d:\WorkSpace\Code\Proj\Keygo\code\CH582M\Peripheral\LIB\libCH58xBLE.a(sm.o)
                0x000000000000de90                SM_StartEncryption
 .text.sm_dhkey
                0x000000000000dea6       0x3a d:\WorkSpace\Code\Proj\Keygo\code\CH582M\Peripheral\LIB\libCH58xBLE.a(sm.o)
                0x000000000000dea6                sm_dhkey
 .text.sm_c1    0x000000000000dee0       0xb4 d:\WorkSpace\Code\Proj\Keygo\code\CH582M\Peripheral\LIB\libCH58xBLE.a(sm.o)
                0x000000000000dee0                sm_c1
 .text.smDetermineKeySize
                0x000000000000df94       0x20 d:\WorkSpace\Code\Proj\Keygo\code\CH582M\Peripheral\LIB\libCH58xBLE.a(sm.o)
                0x000000000000df94                smDetermineKeySize
 .text.smpParsePairingReq
                0x000000000000dfb4      0x118 d:\WorkSpace\Code\Proj\Keygo\code\CH582M\Peripheral\LIB\libCH58xBLE.a(sm.o)
                0x000000000000dfb4                smpParsePairingReq
 .text.smpParseEncInfo
                0x000000000000e0cc       0x2a d:\WorkSpace\Code\Proj\Keygo\code\CH582M\Peripheral\LIB\libCH58xBLE.a(sm.o)
                0x000000000000e0cc                smpParseEncInfo
 .text.smpParseIdentityAddrInfo
                0x000000000000e0f6       0x34 d:\WorkSpace\Code\Proj\Keygo\code\CH582M\Peripheral\LIB\libCH58xBLE.a(sm.o)
                0x000000000000e0f6                smpParseIdentityAddrInfo
 .text.smpParseIdentityInfo
                0x000000000000e12a       0x2a d:\WorkSpace\Code\Proj\Keygo\code\CH582M\Peripheral\LIB\libCH58xBLE.a(sm.o)
                0x000000000000e12a                smpParseIdentityInfo
 .text.smpParseMasterID
                0x000000000000e154       0x3c d:\WorkSpace\Code\Proj\Keygo\code\CH582M\Peripheral\LIB\libCH58xBLE.a(sm.o)
                0x000000000000e154                smpParseMasterID
 .text.smpParsePairingConfirm
                0x000000000000e190       0x2a d:\WorkSpace\Code\Proj\Keygo\code\CH582M\Peripheral\LIB\libCH58xBLE.a(sm.o)
                0x000000000000e190                smpParsePairingConfirm
 .text.smpParsePairingFailed
                0x000000000000e1ba       0x1c d:\WorkSpace\Code\Proj\Keygo\code\CH582M\Peripheral\LIB\libCH58xBLE.a(sm.o)
                0x000000000000e1ba                smpParsePairingFailed
 .text.smpParsePairingRandom
                0x000000000000e1d6       0x2a d:\WorkSpace\Code\Proj\Keygo\code\CH582M\Peripheral\LIB\libCH58xBLE.a(sm.o)
                0x000000000000e1d6                smpParsePairingRandom
 .text.smpParseSigningInfo
                0x000000000000e200       0x2a d:\WorkSpace\Code\Proj\Keygo\code\CH582M\Peripheral\LIB\libCH58xBLE.a(sm.o)
                0x000000000000e200                smpParseSigningInfo
 .text.smpParsePairingPublicKey
                0x000000000000e22a       0x2c d:\WorkSpace\Code\Proj\Keygo\code\CH582M\Peripheral\LIB\libCH58xBLE.a(sm.o)
                0x000000000000e22a                smpParsePairingPublicKey
 .text.smpParsePairingDHKeyCheck
                0x000000000000e256       0x2a d:\WorkSpace\Code\Proj\Keygo\code\CH582M\Peripheral\LIB\libCH58xBLE.a(sm.o)
                0x000000000000e256                smpParsePairingDHKeyCheck
 .text.smProcessDataMsg
                0x000000000000e280       0xfc d:\WorkSpace\Code\Proj\Keygo\code\CH582M\Peripheral\LIB\libCH58xBLE.a(sm.o)
                0x000000000000e280                smProcessDataMsg
 .text.smProcessTMOSMsg
                0x000000000000e37c      0x164 d:\WorkSpace\Code\Proj\Keygo\code\CH582M\Peripheral\LIB\libCH58xBLE.a(sm.o)
                0x000000000000e37c                smProcessTMOSMsg
 .text.SM_CalcRandomAddr
                0x000000000000e4e0       0x54 d:\WorkSpace\Code\Proj\Keygo\code\CH582M\Peripheral\LIB\libCH58xBLE.a(sm.o)
                0x000000000000e4e0                SM_CalcRandomAddr
 .text.SM_GenerateAuthenSig
                0x000000000000e534       0xe6 d:\WorkSpace\Code\Proj\Keygo\code\CH582M\Peripheral\LIB\libCH58xBLE.a(sm.o)
                0x000000000000e534                SM_GenerateAuthenSig
 .text.SM_PasskeyUpdate
                0x000000000000e61a       0xe8 d:\WorkSpace\Code\Proj\Keygo\code\CH582M\Peripheral\LIB\libCH58xBLE.a(sm.o)
                0x000000000000e61a                SM_PasskeyUpdate
 .text.SM_ResolveRandomAddrs
                0x000000000000e702       0x5e d:\WorkSpace\Code\Proj\Keygo\code\CH582M\Peripheral\LIB\libCH58xBLE.a(sm.o)
                0x000000000000e702                SM_ResolveRandomAddrs
 .text.SM_StartPairing
                0x000000000000e760       0xc2 d:\WorkSpace\Code\Proj\Keygo\code\CH582M\Peripheral\LIB\libCH58xBLE.a(sm.o)
                0x000000000000e760                SM_StartPairing
 .text.SM_VerifyAuthenSig
                0x000000000000e822      0x150 d:\WorkSpace\Code\Proj\Keygo\code\CH582M\Peripheral\LIB\libCH58xBLE.a(sm.o)
                0x000000000000e822                SM_VerifyAuthenSig
 .text.SM_ProcessEvent
                0x000000000000e972       0xb4 d:\WorkSpace\Code\Proj\Keygo\code\CH582M\Peripheral\LIB\libCH58xBLE.a(sm.o)
                0x000000000000e972                SM_ProcessEvent
 .text.SM_ParamInit
                0x000000000000ea26       0x5a d:\WorkSpace\Code\Proj\Keygo\code\CH582M\Peripheral\LIB\libCH58xBLE.a(sm.o)
                0x000000000000ea26                SM_ParamInit
 .text.SM_InitiatorInit
                0x000000000000ea80       0x1e d:\WorkSpace\Code\Proj\Keygo\code\CH582M\Peripheral\LIB\libCH58xBLE.a(sm.o)
                0x000000000000ea80                SM_InitiatorInit
 .text.SM_ResponderInit
                0x000000000000ea9e       0x1e d:\WorkSpace\Code\Proj\Keygo\code\CH582M\Peripheral\LIB\libCH58xBLE.a(sm.o)
                0x000000000000ea9e                SM_ResponderInit
 .text.SM_Init  0x000000000000eabc       0x2a d:\WorkSpace\Code\Proj\Keygo\code\CH582M\Peripheral\LIB\libCH58xBLE.a(sm.o)
                0x000000000000eabc                SM_Init
 .text.smpInitiatorProcessPairingRsp
                0x000000000000eae6      0x278 d:\WorkSpace\Code\Proj\Keygo\code\CH582M\Peripheral\LIB\libCH58xBLE.a(sm_initiator.o)
                0x000000000000eae6                smpInitiatorProcessPairingRsp
 .text.smInitiatorSendNextKeyInfo
                0x000000000000ed5e      0x26a d:\WorkSpace\Code\Proj\Keygo\code\CH582M\Peripheral\LIB\libCH58xBLE.a(sm_initiator.o)
                0x000000000000ed5e                smInitiatorSendNextKeyInfo
 .text.setupInitiatorKeys
                0x000000000000efc8       0x88 d:\WorkSpace\Code\Proj\Keygo\code\CH582M\Peripheral\LIB\libCH58xBLE.a(sm_initiator.o)
 .text.smpInitiatorProcessIncoming
                0x000000000000f050      0x410 d:\WorkSpace\Code\Proj\Keygo\code\CH582M\Peripheral\LIB\libCH58xBLE.a(sm_initiator.o)
                0x000000000000f050                smpInitiatorProcessIncoming
 .text.smpBuildPairingReqRsp
                0x000000000000f460       0xc6 d:\WorkSpace\Code\Proj\Keygo\code\CH582M\Peripheral\LIB\libCH58xBLE.a(sm_pdu.o)
 .text.smpBuildPairingReq
                0x000000000000f526        0xa d:\WorkSpace\Code\Proj\Keygo\code\CH582M\Peripheral\LIB\libCH58xBLE.a(sm_pdu.o)
                0x000000000000f526                smpBuildPairingReq
 .text.smpBuildPairingRsp
                0x000000000000f530        0xa d:\WorkSpace\Code\Proj\Keygo\code\CH582M\Peripheral\LIB\libCH58xBLE.a(sm_pdu.o)
                0x000000000000f530                smpBuildPairingRsp
 .text.smpBuildPairingConfirm
                0x000000000000f53a       0x30 d:\WorkSpace\Code\Proj\Keygo\code\CH582M\Peripheral\LIB\libCH58xBLE.a(sm_pdu.o)
                0x000000000000f53a                smpBuildPairingConfirm
 .text.smpBuildPairingRandom
                0x000000000000f56a       0x30 d:\WorkSpace\Code\Proj\Keygo\code\CH582M\Peripheral\LIB\libCH58xBLE.a(sm_pdu.o)
                0x000000000000f56a                smpBuildPairingRandom
 .text.smpBuildEncInfo