Archive member included to satisfy reference by file (symbol)

d:\WorkSpace\Code\Proj\Keygo\code\CH582M\CH582M_BLE_Slave\StdPeriphDriver\libISP583.a(ISP583.o)
                              ./StdPeriphDriver/CH58x_flash.o (FLASH_EEPROM_CMD)
d:/mounriver/mounriver_studio2/resources/app/resources/win32/components/wch/toolchain/risc-v embedded gcc/bin/../lib/gcc/riscv-none-embed/8.2.0/../../../../riscv-none-embed/lib/rv32imac/ilp32\libg_nano.a(lib_a-printf.o)
                              ./StdPeriphDriver/CH58x_usb2hostClass.o (printf)
d:/mounriver/mounriver_studio2/resources/app/resources/win32/components/wch/toolchain/risc-v embedded gcc/bin/../lib/gcc/riscv-none-embed/8.2.0/../../../../riscv-none-embed/lib/rv32imac/ilp32\libg_nano.a(lib_a-putchar.o)
                              ./StdPeriphDriver/CH58x_usb2hostClass.o (putchar)
d:/mounriver/mounriver_studio2/resources/app/resources/win32/components/wch/toolchain/risc-v embedded gcc/bin/../lib/gcc/riscv-none-embed/8.2.0/../../../../riscv-none-embed/lib/rv32imac/ilp32\libg_nano.a(lib_a-puts.o)
                              ./StdPeriphDriver/CH58x_usb2hostBase.o (puts)
d:/mounriver/mounriver_studio2/resources/app/resources/win32/components/wch/toolchain/risc-v embedded gcc/bin/../lib/gcc/riscv-none-embed/8.2.0/../../../../riscv-none-embed/lib/rv32imac/ilp32\libg_nano.a(lib_a-wbuf.o)
                              d:/mounriver/mounriver_studio2/resources/app/resources/win32/components/wch/toolchain/risc-v embedded gcc/bin/../lib/gcc/riscv-none-embed/8.2.0/../../../../riscv-none-embed/lib/rv32imac/ilp32\libg_nano.a(lib_a-puts.o) (__swbuf_r)
d:/mounriver/mounriver_studio2/resources/app/resources/win32/components/wch/toolchain/risc-v embedded gcc/bin/../lib/gcc/riscv-none-embed/8.2.0/../../../../riscv-none-embed/lib/rv32imac/ilp32\libg_nano.a(lib_a-wsetup.o)
                              d:/mounriver/mounriver_studio2/resources/app/resources/win32/components/wch/toolchain/risc-v embedded gcc/bin/../lib/gcc/riscv-none-embed/8.2.0/../../../../riscv-none-embed/lib/rv32imac/ilp32\libg_nano.a(lib_a-puts.o) (__swsetup_r)
d:/mounriver/mounriver_studio2/resources/app/resources/win32/components/wch/toolchain/risc-v embedded gcc/bin/../lib/gcc/riscv-none-embed/8.2.0/../../../../riscv-none-embed/lib/rv32imac/ilp32\libg_nano.a(lib_a-fflush.o)
                              d:/mounriver/mounriver_studio2/resources/app/resources/win32/components/wch/toolchain/risc-v embedded gcc/bin/../lib/gcc/riscv-none-embed/8.2.0/../../../../riscv-none-embed/lib/rv32imac/ilp32\libg_nano.a(lib_a-wbuf.o) (_fflush_r)
d:/mounriver/mounriver_studio2/resources/app/resources/win32/components/wch/toolchain/risc-v embedded gcc/bin/../lib/gcc/riscv-none-embed/8.2.0/../../../../riscv-none-embed/lib/rv32imac/ilp32\libg_nano.a(lib_a-findfp.o)
                              d:/mounriver/mounriver_studio2/resources/app/resources/win32/components/wch/toolchain/risc-v embedded gcc/bin/../lib/gcc/riscv-none-embed/8.2.0/../../../../riscv-none-embed/lib/rv32imac/ilp32\libg_nano.a(lib_a-printf.o) (__sinit)
d:/mounriver/mounriver_studio2/resources/app/resources/win32/components/wch/toolchain/risc-v embedded gcc/bin/../lib/gcc/riscv-none-embed/8.2.0/../../../../riscv-none-embed/lib/rv32imac/ilp32\libg_nano.a(lib_a-fwalk.o)
                              d:/mounriver/mounriver_studio2/resources/app/resources/win32/components/wch/toolchain/risc-v embedded gcc/bin/../lib/gcc/riscv-none-embed/8.2.0/../../../../riscv-none-embed/lib/rv32imac/ilp32\libg_nano.a(lib_a-findfp.o) (_fwalk)
d:/mounriver/mounriver_studio2/resources/app/resources/win32/components/wch/toolchain/risc-v embedded gcc/bin/../lib/gcc/riscv-none-embed/8.2.0/../../../../riscv-none-embed/lib/rv32imac/ilp32\libg_nano.a(lib_a-impure.o)
                              d:/mounriver/mounriver_studio2/resources/app/resources/win32/components/wch/toolchain/risc-v embedded gcc/bin/../lib/gcc/riscv-none-embed/8.2.0/../../../../riscv-none-embed/lib/rv32imac/ilp32\libg_nano.a(lib_a-fflush.o) (_global_impure_ptr)
d:/mounriver/mounriver_studio2/resources/app/resources/win32/components/wch/toolchain/risc-v embedded gcc/bin/../lib/gcc/riscv-none-embed/8.2.0/../../../../riscv-none-embed/lib/rv32imac/ilp32\libg_nano.a(lib_a-makebuf.o)
                              d:/mounriver/mounriver_studio2/resources/app/resources/win32/components/wch/toolchain/risc-v embedded gcc/bin/../lib/gcc/riscv-none-embed/8.2.0/../../../../riscv-none-embed/lib/rv32imac/ilp32\libg_nano.a(lib_a-wsetup.o) (__smakebuf_r)
d:/mounriver/mounriver_studio2/resources/app/resources/win32/components/wch/toolchain/risc-v embedded gcc/bin/../lib/gcc/riscv-none-embed/8.2.0/../../../../riscv-none-embed/lib/rv32imac/ilp32\libg_nano.a(lib_a-memset.o)
                              d:/mounriver/mounriver_studio2/resources/app/resources/win32/components/wch/toolchain/risc-v embedded gcc/bin/../lib/gcc/riscv-none-embed/8.2.0/../../../../riscv-none-embed/lib/rv32imac/ilp32\libg_nano.a(lib_a-findfp.o) (memset)
[...]
Memory Configuration

Name             Origin             Length             Attributes
FLASH            0x0000000000000000 0x0000000000070000 xr
RAM              0x0000000020000000 0x0000000000008000 xrw
*default*        0x0000000000000000 0xffffffffffffffff

Linker script and memory map

LOAD ./src/Main.o
LOAD ./StdPeriphDriver/CH58x_clk.o
LOAD ./StdPeriphDriver/CH58x_flash.o
LOAD ./StdPeriphDriver/CH58x_gpio.o
LOAD ./StdPeriphDriver/CH58x_i2c.o
LOAD ./StdPeriphDriver/CH58x_pwr.o
LOAD ./StdPeriphDriver/CH58x_spi1.o
LOAD ./StdPeriphDriver/CH58x_sys.o
LOAD ./StdPeriphDriver/CH58x_uart0.o
LOAD ./StdPeriphDriver/CH58x_uart1.o
LOAD ./StdPeriphDriver/CH58x_usb2dev.o
LOAD ./StdPeriphDriver/CH58x_usb2hostBase.o
LOAD ./StdPeriphDriver/CH58x_usb2hostClass.o
LOAD ./Startup/startup_CH583.o
LOAD ./RVMSIS/core_riscv.o
LOAD d:\WorkSpace\Code\Proj\Keygo\code\CH582M\CH582M_BLE_Slave\StdPeriphDriver\libISP583.a
LOAD d:/mounriver/mounriver_studio2/resources/app/resources/win32/components/wch/toolchain/risc-v embedded gcc/bin/../lib/gcc/riscv-none-embed/8.2.0/../../../../riscv-none-embed/lib/rv32imac/ilp32\libm.a
LOAD d:/mounriver/mounriver_studio2/resources/app/resources/win32/components/wch/toolchain/risc-v embedded gcc/bin/../lib/gcc/riscv-none-embed/8.2.0/rv32imac/ilp32\libgcc.a
LOAD d:/mounriver/mounriver_studio2/resources/app/resources/win32/components/wch/toolchain/risc-v embedded gcc/bin/../lib/gcc/riscv-none-embed/8.2.0/../../../../riscv-none-embed/lib/rv32imac/ilp32\libg_nano.a
LOAD d:/mounriver/mounriver_studio2/resources/app/resources/win32/components/wch/toolchain/risc-v embedded gcc/bin/../lib/gcc/riscv-none-embed/8.2.0/../../../../riscv-none-embed/lib/rv32imac/ilp32\libc_nano.a
LOAD d:/mounriver/mounriver_studio2/resources/app/resources/win32/components/wch/toolchain/risc-v embedded gcc/bin/../lib/gcc/riscv-none-embed/8.2.0/rv32imac/ilp32\libgcc.a
START GROUP
LOAD d:/mounriver/mounriver_studio2/resources/app/resources/win32/components/wch/toolchain/risc-v embedded gcc/bin/../lib/gcc/riscv-none-embed/8.2.0/rv32imac/ilp32\libgcc.a
LOAD d:/mounriver/mounriver_studio2/resources/app/resources/win32/components/wch/toolchain/risc-v embedded gcc/bin/../lib/gcc/riscv-none-embed/8.2.0/../../../../riscv-none-embed/lib/rv32imac/ilp32\libc_nano.a
LOAD d:/mounriver/mounriver_studio2/resources/app/resources/win32/components/wch/toolchain/risc-v embedded gcc/bin/../lib/gcc/riscv-none-embed/8.2.0/../../../../riscv-none-embed/lib/rv32imac/ilp32\libnosys.a
END GROUP
START GROUP
LOAD d:/mounriver/mounriver_studio2/resources/app/resources/win32/components/wch/toolchain/risc-v embedded gcc/bin/../lib/gcc/riscv-none-embed/8.2.0/rv32imac/ilp32\libgcc.a
LOAD d:/mounriver/mounriver_studio2/resources/app/resources/win32/components/wch/toolchain/risc-v embedded gcc/bin/../lib/gcc/riscv-none-embed/8.2.0/../../../../riscv-none-embed/lib/rv32imac/ilp32\libc_nano.a
LOAD d:/mounriver/mounriver_studio2/resources/app/resources/win32/components/wch/toolchain/risc-v embedded gcc/bin/../lib/gcc/riscv-none-embed/8.2.0/../../../../riscv-none-embed/lib/rv32imac/ilp32\libnosys.a
END GROUP
                0x0000000000000200                __stack_size = 0x200
                [!provide]                        PROVIDE (_stack_size = __stack_size)

.init           0x0000000000000000        0x4
                0x0000000000000000                _sinit = .
                0x0000000000000000                . = ALIGN (0x4)
 *(SORT_NONE(.init))
 .init          0x0000000000000000        0x4 ./Startup/startup_CH583.o
                0x0000000000000000                _start
                0x0000000000000004                . = ALIGN (0x4)
                0x0000000000000004                _einit = .

.highcodelalign
                0x0000000000000004        0x0
                0x0000000000000004                . = ALIGN (0x4)
                0x0000000000000004                PROVIDE (_highcode_lma = .)

.highcode       0x0000000020000000      0xa0c load address 0x0000000000000004
                0x0000000020000000                . = ALIGN (0x4)
                0x0000000020000000                PROVIDE (_highcode_vma_start = .)
 *(.vector)
 .vector        0x0000000020000000       0x90 ./Startup/startup_CH583.o
 *(SORT_NONE(.vector_handler))
 .vector_handler
                0x0000000020000090        0x2 ./Startup/startup_CH583.o
                0x0000000020000090                GPIOB_IRQHandler
                0x0000000020000090                GPIOA_IRQHandler
                0x0000000020000090                SysTick_Handler
                0x0000000020000090                NMI_Handler
                0x0000000020000090                UART1_IRQHandler
                0x0000000020000090                UART0_IRQHandler
                0x0000000020000090                BB_IRQHandler
                0x0000000020000090                Break_Point_Handler
                0x0000000020000090                TMR0_IRQHandler
                0x0000000020000090                Ecall_M_Mode_Handler
                0x0000000020000090                RTC_IRQHandler
                0x0000000020000090                UART2_IRQHandler
                0x0000000020000090                PWMX_IRQHandler
                0x0000000020000090                ADC_IRQHandler
                0x0000000020000090                TMR2_IRQHandler
                0x0000000020000090                USB_IRQHandler
                0x0000000020000090                I2C_IRQHandler
                0x0000000020000090                USB2_IRQHandler
                0x0000000020000090                LLE_IRQHandler
                0x0000000020000090                WDOG_BAT_IRQHandler
                0x0000000020000090                Ecall_U_Mode_Handler
                0x0000000020000090                TMR3_IRQHandler
                0x0000000020000090                SW_Handler
                0x0000000020000090                SPI0_IRQHandler
                0x0000000020000090                UART3_IRQHandler
                0x0000000020000090                TMR1_IRQHandler
 *(.highcode)
 .highcode      0x0000000020000092      0x554 ./StdPeriphDriver/CH58x_sys.o
                0x0000000020000092                SetSysClock
                0x0000000020000460                SYS_ResetExecute
                0x00000000200004de                HardFault_Handler
                0x00000000200005b0                mDelayuS
                0x00000000200005be                mDelaymS
 .highcode      0x00000000200005e6      0x426 d:\WorkSpace\Code\Proj\Keygo\code\CH582M\CH582M_BLE_Slave\StdPeriphDriver\libISP583.a(ISP583.o)
                0x00000000200005e6                FLASH_ROM_BEG
                0x00000000200005f8                FLASH_ROM_END
                0x0000000020000606                FLASH_ROM_IN
                0x0000000020000614                FLASH_ROM_OUT
                0x0000000020000622                FLASH_ROM_ADDR
                0x000000002000066a                FLASH_ROM_WAIT
                0x00000000200006a2                FLASH_EEPROM_CMD
 *(.highcode.*)
                0x0000000020000a0c                . = ALIGN (0x4)
                0x0000000020000a0c                PROVIDE (_highcode_vma_end = .)

.text           0x0000000000000a10      0x1dc
                0x0000000000000a10                . = ALIGN (0x4)
 *(SORT_NONE(.handle_reset))
 .handle_reset  0x0000000000000a10       0xe2 ./Startup/startup_CH583.o
                0x0000000000000a10                handle_reset
 *(.text)
 *(.text.*)
 .text.startup.main
                0x0000000000000af2       0x3e ./src/Main.o
                0x0000000000000af2                main
 .text.GPIOA_ModeCfg
                0x0000000000000b30       0xa6 ./StdPeriphDriver/CH58x_gpio.o
                0x0000000000000b30                GPIOA_ModeCfg
 *(.rodata)
 *(.rodata*)
 *fill*         0x0000000000000bd6        0x2 
 .rodata.GPIOA_ModeCfg
                0x0000000000000bd8       0x14 ./StdPeriphDriver/CH58x_gpio.o
 *(.sdata2.*)
 *(.glue_7)
 *(.glue_7t)
 *(.gnu.linkonce.t.*)
                0x0000000000000bec                . = ALIGN (0x4)

.rela.dyn       0x0000000000000bec        0x0
 .rela.text.startup.main
                0x0000000000000bec        0x0 ./src/Main.o
 .rela.init     0x0000000000000bec        0x0 ./src/Main.o
 .rela.vector   0x0000000000000bec        0x0 ./src/Main.o
 .rela.handle_reset
                0x0000000000000bec        0x0 ./src/Main.o

.fini           0x0000000000000bec        0x0
 *(SORT_NONE(.fini))
                0x0000000000000bec                . = ALIGN (0x4)
                [!provide]                        PROVIDE (_etext = .)
                [!provide]                        PROVIDE (_eitcm = .)

.preinit_array  0x0000000000000bec        0x0
                [!provide]                        PROVIDE (__preinit_array_start = .)
 *(.preinit_array)
                [!provide]                        PROVIDE (__preinit_array_end = .)

.init_array     0x0000000000000bec        0x0
                [!provide]                        PROVIDE (__init_array_start = .)
 *(SORT_BY_INIT_PRIORITY(.init_array.*) SORT_BY_INIT_PRIORITY(.ctors.*))
 *(.init_array EXCLUDE_FILE(*crtend?.o *crtend.o *crtbegin?.o *crtbegin.o) .ctors)
                [!provide]                        PROVIDE (__init_array_end = .)

.fini_array     0x0000000000000bec        0x0
                [!provide]                        PROVIDE (__fini_array_start = .)
 *(SORT_BY_INIT_PRIORITY(.fini_array.*) SORT_BY_INIT_PRIORITY(.dtors.*))
 *(.fini_array EXCLUDE_FILE(*crtend?.o *crtend.o *crtbegin?.o *crtbegin.o) .dtors)
                [!provide]                        PROVIDE (__fini_array_end = .)

.ctors
 *crtbegin.o(.ctors)
 *crtbegin?.o(.ctors)
 *(EXCLUDE_FILE(*crtend?.o *crtend.o) .ctors)
 *(SORT_BY_NAME(.ctors.*))
 *(.ctors)

.dtors
 *crtbegin.o(.dtors)
 *crtbegin?.o(.dtors)
 *(EXCLUDE_FILE(*crtend?.o *crtend.o) .dtors)
 *(SORT_BY_NAME(.dtors.*))
 *(.dtors)

.dlalign        0x0000000000000bec        0x0
                0x0000000000000bec                . = ALIGN (0x4)
                0x0000000000000bec                PROVIDE (_data_lma = .)

.data           0x0000000020000a0c        0x4 load address 0x0000000000000bec
                0x0000000020000a0c                . = ALIGN (0x4)
                0x0000000020000a0c                PROVIDE (_data_vma = .)
 *(.gnu.linkonce.r.*)
 *(.data .data.*)
 *(.gnu.linkonce.d.*)
                0x0000000020000a10                . = ALIGN (0x8)
 *fill*         0x0000000020000a0c        0x4 
                0x0000000020001210                PROVIDE (__global_pointer$ = (. + 0x800))
 *(.sdata .sdata.*)
 *(.gnu.linkonce.s.*)
                0x0000000020000a10                . = ALIGN (0x8)
 *(.srodata.cst16)
 *(.srodata.cst8)
 *(.srodata.cst4)
 *(.srodata.cst2)
 *(.srodata .srodata.*)
                0x0000000020000a10                . = ALIGN (0x4)
                0x0000000020000a10                PROVIDE (_edata = .)

.bss            0x0000000020000a10        0x4 load address 0x0000000000000bec
                0x0000000020000a10                . = ALIGN (0x4)
                0x0000000020000a10                PROVIDE (_sbss = .)
 *(.sbss*)
 .sbss.IRQ_STA  0x0000000020000a10        0x4 ./StdPeriphDriver/CH58x_sys.o
                0x0000000020000a10                IRQ_STA
 *(.gnu.linkonce.sb.*)
 *(.bss*)
 *(.gnu.linkonce.b.*)
 *(COMMON*)
                0x0000000020000a14                . = ALIGN (0x4)
                0x0000000020000a14                PROVIDE (_ebss = .)
                0x0000000020000a14                PROVIDE (_end = _ebss)
                [!provide]                        PROVIDE (end = .)

.stack          0x0000000020007e00      0x200
                0x0000000020007e00                PROVIDE (_heap_end = .)
                0x0000000020007e00                . = ALIGN (0x4)
                [!provide]                        PROVIDE (_susrstack = .)
                0x0000000020008000                . = (. + __stack_size)
 *fill*         0x0000000020007e00      0x200 
                0x0000000020008000                PROVIDE (_eusrstack = .)
OUTPUT(CH582M_BLE_Slave.elf elf32-littleriscv)

.debug_info     0x0000000000000000     0x36db
 .debug_info    0x0000000000000000      0xde2 ./src/Main.o
 .debug_info    0x0000000000000de2      0xe73 ./StdPeriphDriver/CH58x_gpio.o
 .debug_info    0x0000000000001c55     0x1a64 ./StdPeriphDriver/CH58x_sys.o
 .debug_info    0x00000000000036b9       0x22 ./Startup/startup_CH583.o

.debug_abbrev   0x0000000000000000      0x934
 .debug_abbrev  0x0000000000000000      0x255 ./src/Main.o
 .debug_abbrev  0x0000000000000255      0x268 ./StdPeriphDriver/CH58x_gpio.o
 .debug_abbrev  0x00000000000004bd      0x465 ./StdPeriphDriver/CH58x_sys.o
 .debug_abbrev  0x0000000000000922       0x12 ./Startup/startup_CH583.o

.debug_aranges  0x0000000000000000      0x128
 .debug_aranges
                0x0000000000000000       0x20 ./src/Main.o
 .debug_aranges
                0x0000000000000020       0x48 ./StdPeriphDriver/CH58x_gpio.o
 .debug_aranges
                0x0000000000000068       0x90 ./StdPeriphDriver/CH58x_sys.o
 .debug_aranges
                0x00000000000000f8       0x30 ./Startup/startup_CH583.o

.debug_ranges   0x0000000000000000      0x120
 .debug_ranges  0x0000000000000000       0x10 ./src/Main.o
 .debug_ranges  0x0000000000000010       0x38 ./StdPeriphDriver/CH58x_gpio.o
 .debug_ranges  0x0000000000000048       0xb0 ./StdPeriphDriver/CH58x_sys.o
 .debug_ranges  0x00000000000000f8       0x28 ./Startup/startup_CH583.o

.debug_line     0x0000000000000000     0x267b
 .debug_line    0x0000000000000000      0x334 ./src/Main.o
 .debug_line    0x0000000000000334      0x80b ./StdPeriphDriver/CH58x_gpio.o
 .debug_line    0x0000000000000b3f     0x199d ./StdPeriphDriver/CH58x_sys.o
 .debug_line    0x00000000000024dc      0x19f ./Startup/startup_CH583.o

.debug_str      0x0000000000000000      0xdb0
 .debug_str     0x0000000000000000      0x9fb ./src/Main.o
                                        0xa85 (size before relaxing)
 .debug_str     0x00000000000009fb      0x10f ./StdPeriphDriver/CH58x_gpio.o
                                        0x9ee (size before relaxing)
 .debug_str     0x0000000000000b0a      0x27f ./StdPeriphDriver/CH58x_sys.o
                                        0xcb2 (size before relaxing)
 .debug_str     0x0000000000000d89       0x27 ./Startup/startup_CH583.o
                                         0x65 (size before relaxing)

.comment        0x0000000000000000       0x33
 .comment       0x0000000000000000       0x33 ./src/Main.o
                                         0x34 (size before relaxing)
 .comment       0x0000000000000033       0x34 ./StdPeriphDriver/CH58x_gpio.o
 .comment       0x0000000000000033       0x34 ./StdPeriphDriver/CH58x_sys.o
 .comment       0x0000000000000033       0x34 d:\WorkSpace\Code\Proj\Keygo\code\CH582M\CH582M_BLE_Slave\StdPeriphDriver\libISP583.a(ISP583.o)

.debug_frame    0x0000000000000000      0x1bc
 .debug_frame   0x0000000000000000       0x28 ./src/Main.o
 .debug_frame   0x0000000000000028       0x70 ./StdPeriphDriver/CH58x_gpio.o
 .debug_frame   0x0000000000000098      0x124 ./StdPeriphDriver/CH58x_sys.o

.debug_loc      0x0000000000000000      0xa33
 .debug_loc     0x0000000000000000      0x361 ./StdPeriphDriver/CH58x_gpio.o
 .debug_loc     0x0000000000000361      0x6d2 ./StdPeriphDriver/CH58x_sys.o

.stabstr        0x0000000000000000      0x117
 .stabstr       0x0000000000000000      0x117 d:/mounriver/mounriver_studio2/resources/app/resources/win32/components/wch/toolchain/risc-v embedded gcc/bin/../lib/gcc/riscv-none-embed/8.2.0/../../../../riscv-none-embed/lib/rv32imac/ilp32\libnosys.a(close.o)
